<?xml version="1.0" encoding="ISO-8859-1" ?>
<link_info>
   <banner>MSP430 Linker PC v21.6.1.LTS</banner>
   <copyright>Copyright (c) 2003-2018 Texas Instruments Incorporated</copyright>
   <link_time>0x6ab4f885</link_time>
   <link_errors>0x0</link_errors>
   <output_file>Blink LED2.out</output_file>
   <entry_point>
      <name>_c_int00_noargs</name>
      <address>0xc4ce</address>
   </entry_point>
   <input_file_list>
      <input_file id="fl-2">
         <path>.\</path>
         <kind>object</kind>
         <file>ADC.obj</file>
         <name>ADC.obj</name>
      </input_file>
      <input_file id="fl-3">
         <path>.\</path>
         <kind>object</kind>
         <file>Afficheur.obj</file>
         <name>Afficheur.obj</name>
      </input_file>
      <input_file id="fl-4">
         <path>.\</path>
         <kind>object</kind>
         <file>config.obj</file>
         <name>config.obj</name>
      </input_file>
      <input_file id="fl-5">
         <path>.\</path>
         <kind>object</kind>
         <file>machine_etat.obj</file>
         <name>machine_etat.obj</name>
      </input_file>
      <input_file id="fl-6">
         <path>.\</path>
         <kind>object</kind>
         <file>main 1.obj</file>
         <name>main 1.obj</name>
      </input_file>
      <input_file id="fl-7">
         <path>.\</path>
         <kind>object</kind>
         <file>mouv_function.obj</file>
         <name>mouv_function.obj</name>
      </input_file>
      <input_file id="fl-c">
         <kind>object</kind>
         <file>&lt;internal&gt;</file>
         <name>&lt;internal&gt;</name>
      </input_file>
      <input_file id="fl-22">
         <path>C:\ti\ccs2020\ccs\tools\compiler\ti-cgt-msp430_21.6.1.LTS\lib\</path>
         <kind>archive</kind>
         <file>rts430_eabi.lib</file>
         <name>asr16.asm.obj</name>
      </input_file>
      <input_file id="fl-23">
         <path>C:\ti\ccs2020\ccs\tools\compiler\ti-cgt-msp430_21.6.1.LTS\lib\</path>
         <kind>archive</kind>
         <file>rts430_eabi.lib</file>
         <name>div16s.asm.obj</name>
      </input_file>
      <input_file id="fl-24">
         <path>C:\ti\ccs2020\ccs\tools\compiler\ti-cgt-msp430_21.6.1.LTS\lib\</path>
         <kind>archive</kind>
         <file>rts430_eabi.lib</file>
         <name>div16u.asm.obj</name>
      </input_file>
      <input_file id="fl-25">
         <path>C:\ti\ccs2020\ccs\tools\compiler\ti-cgt-msp430_21.6.1.LTS\lib\</path>
         <kind>archive</kind>
         <file>rts430_eabi.lib</file>
         <name>int00.asm.obj</name>
      </input_file>
      <input_file id="fl-26">
         <path>C:\ti\ccs2020\ccs\tools\compiler\ti-cgt-msp430_21.6.1.LTS\lib\</path>
         <kind>archive</kind>
         <file>rts430_eabi.lib</file>
         <name>int02.asm.obj</name>
      </input_file>
      <input_file id="fl-27">
         <path>C:\ti\ccs2020\ccs\tools\compiler\ti-cgt-msp430_21.6.1.LTS\lib\</path>
         <kind>archive</kind>
         <file>rts430_eabi.lib</file>
         <name>int05.asm.obj</name>
      </input_file>
      <input_file id="fl-28">
         <path>C:\ti\ccs2020\ccs\tools\compiler\ti-cgt-msp430_21.6.1.LTS\lib\</path>
         <kind>archive</kind>
         <file>rts430_eabi.lib</file>
         <name>int06.asm.obj</name>
      </input_file>
      <input_file id="fl-29">
         <path>C:\ti\ccs2020\ccs\tools\compiler\ti-cgt-msp430_21.6.1.LTS\lib\</path>
         <kind>archive</kind>
         <file>rts430_eabi.lib</file>
         <name>int07.asm.obj</name>
      </input_file>
      <input_file id="fl-2a">
         <path>C:\ti\ccs2020\ccs\tools\compiler\ti-cgt-msp430_21.6.1.LTS\lib\</path>
         <kind>archive</kind>
         <file>rts430_eabi.lib</file>
         <name>int09.asm.obj</name>
      </input_file>
      <input_file id="fl-2b">
         <path>C:\ti\ccs2020\ccs\tools\compiler\ti-cgt-msp430_21.6.1.LTS\lib\</path>
         <kind>archive</kind>
         <file>rts430_eabi.lib</file>
         <name>int10.asm.obj</name>
      </input_file>
      <input_file id="fl-2c">
         <path>C:\ti\ccs2020\ccs\tools\compiler\ti-cgt-msp430_21.6.1.LTS\lib\</path>
         <kind>archive</kind>
         <file>rts430_eabi.lib</file>
         <name>int11.asm.obj</name>
      </input_file>
      <input_file id="fl-2d">
         <path>C:\ti\ccs2020\ccs\tools\compiler\ti-cgt-msp430_21.6.1.LTS\lib\</path>
         <kind>archive</kind>
         <file>rts430_eabi.lib</file>
         <name>int12.asm.obj</name>
      </input_file>
      <input_file id="fl-2e">
         <path>C:\ti\ccs2020\ccs\tools\compiler\ti-cgt-msp430_21.6.1.LTS\lib\</path>
         <kind>archive</kind>
         <file>rts430_eabi.lib</file>
         <name>int13.asm.obj</name>
      </input_file>
      <input_file id="fl-2f">
         <path>C:\ti\ccs2020\ccs\tools\compiler\ti-cgt-msp430_21.6.1.LTS\lib\</path>
         <kind>archive</kind>
         <file>rts430_eabi.lib</file>
         <name>int14.asm.obj</name>
      </input_file>
      <input_file id="fl-30">
         <path>C:\ti\ccs2020\ccs\tools\compiler\ti-cgt-msp430_21.6.1.LTS\lib\</path>
         <kind>archive</kind>
         <file>rts430_eabi.lib</file>
         <name>isr_trap.asm.obj</name>
      </input_file>
      <input_file id="fl-31">
         <path>C:\ti\ccs2020\ccs\tools\compiler\ti-cgt-msp430_21.6.1.LTS\lib\</path>
         <kind>archive</kind>
         <file>rts430_eabi.lib</file>
         <name>lsl16.asm.obj</name>
      </input_file>
      <input_file id="fl-32">
         <path>C:\ti\ccs2020\ccs\tools\compiler\ti-cgt-msp430_21.6.1.LTS\lib\</path>
         <kind>archive</kind>
         <file>rts430_eabi.lib</file>
         <name>lsr16.asm.obj</name>
      </input_file>
      <input_file id="fl-33">
         <path>C:\ti\ccs2020\ccs\tools\compiler\ti-cgt-msp430_21.6.1.LTS\lib\</path>
         <kind>archive</kind>
         <file>rts430_eabi.lib</file>
         <name>mult16.asm.obj</name>
      </input_file>
      <input_file id="fl-34">
         <path>C:\ti\ccs2020\ccs\tools\compiler\ti-cgt-msp430_21.6.1.LTS\lib\</path>
         <kind>archive</kind>
         <file>rts430_eabi.lib</file>
         <name>boot.c.obj</name>
      </input_file>
      <input_file id="fl-35">
         <path>C:\ti\ccs2020\ccs\tools\compiler\ti-cgt-msp430_21.6.1.LTS\lib\</path>
         <kind>archive</kind>
         <file>rts430_eabi.lib</file>
         <name>autoinit.c.obj</name>
      </input_file>
      <input_file id="fl-36">
         <path>C:\ti\ccs2020\ccs\tools\compiler\ti-cgt-msp430_21.6.1.LTS\lib\</path>
         <kind>archive</kind>
         <file>rts430_eabi.lib</file>
         <name>copy_zero_init.c.obj</name>
      </input_file>
      <input_file id="fl-37">
         <path>C:\ti\ccs2020\ccs\tools\compiler\ti-cgt-msp430_21.6.1.LTS\lib\</path>
         <kind>archive</kind>
         <file>rts430_eabi.lib</file>
         <name>cpy_tbl.c.obj</name>
      </input_file>
      <input_file id="fl-38">
         <path>C:\ti\ccs2020\ccs\tools\compiler\ti-cgt-msp430_21.6.1.LTS\lib\</path>
         <kind>archive</kind>
         <file>rts430_eabi.lib</file>
         <name>mpu_init.c.obj</name>
      </input_file>
      <input_file id="fl-39">
         <path>C:\ti\ccs2020\ccs\tools\compiler\ti-cgt-msp430_21.6.1.LTS\lib\</path>
         <kind>archive</kind>
         <file>rts430_eabi.lib</file>
         <name>pre_init.c.obj</name>
      </input_file>
      <input_file id="fl-3a">
         <path>C:\ti\ccs2020\ccs\tools\compiler\ti-cgt-msp430_21.6.1.LTS\lib\</path>
         <kind>archive</kind>
         <file>rts430_eabi.lib</file>
         <name>startup.c.obj</name>
      </input_file>
      <input_file id="fl-3b">
         <path>C:\ti\ccs2020\ccs\tools\compiler\ti-cgt-msp430_21.6.1.LTS\lib\</path>
         <kind>archive</kind>
         <file>rts430_eabi.lib</file>
         <name>copy_decompress_none.c.obj</name>
      </input_file>
      <input_file id="fl-3c">
         <path>C:\ti\ccs2020\ccs\tools\compiler\ti-cgt-msp430_21.6.1.LTS\lib\</path>
         <kind>archive</kind>
         <file>rts430_eabi.lib</file>
         <name>copy_decompress_lzss.c.obj</name>
      </input_file>
      <input_file id="fl-3d">
         <path>C:\ti\ccs2020\ccs\tools\compiler\ti-cgt-msp430_21.6.1.LTS\lib\</path>
         <kind>archive</kind>
         <file>rts430_eabi.lib</file>
         <name>exit.c.obj</name>
      </input_file>
      <input_file id="fl-3e">
         <path>C:\ti\ccs2020\ccs\tools\compiler\ti-cgt-msp430_21.6.1.LTS\lib\</path>
         <kind>archive</kind>
         <file>rts430_eabi.lib</file>
         <name>_lock.c.obj</name>
      </input_file>
      <input_file id="fl-3f">
         <path>C:\ti\ccs2020\ccs\tools\compiler\ti-cgt-msp430_21.6.1.LTS\lib\</path>
         <kind>archive</kind>
         <file>rts430_eabi.lib</file>
         <name>args_main.c.obj</name>
      </input_file>
      <input_file id="fl-40">
         <path>C:\ti\ccs2020\ccs\tools\compiler\ti-cgt-msp430_21.6.1.LTS\lib\</path>
         <kind>archive</kind>
         <file>rts430_eabi.lib</file>
         <name>memcpy.c.obj</name>
      </input_file>
      <input_file id="fl-41">
         <path>C:\ti\ccs2020\ccs\tools\compiler\ti-cgt-msp430_21.6.1.LTS\lib\</path>
         <kind>archive</kind>
         <file>rts430_eabi.lib</file>
         <name>epilog.asm.obj</name>
      </input_file>
      <input_file id="fl-42">
         <path>C:\ti\ccs2020\ccs\tools\compiler\ti-cgt-msp430_21.6.1.LTS\lib\</path>
         <kind>archive</kind>
         <file>rts430_eabi.lib</file>
         <name>exit_gvars.c.obj</name>
      </input_file>
   </input_file_list>
   <object_component_list>
      <object_component id="oc-26f">
         <name>.data</name>
         <load_address>0x20c</load_address>
         <run_address>0x20c</run_address>
         <size>0x2</size>
         <input_file_ref idref="fl-5"/>
      </object_component>
      <object_component id="oc-143">
         <name>.data</name>
         <load_address>0x200</load_address>
         <run_address>0x200</run_address>
         <size>0xc</size>
         <input_file_ref idref="fl-6"/>
      </object_component>
      <object_component id="oc-b1">
         <name>.stack</name>
         <uninitialized>true</uninitialized>
         <run_address>0x3b0</run_address>
         <size>0x2</size>
         <input_file_ref idref="fl-34"/>
      </object_component>
      <object_component id="oc-32d">
         <name>.stack</name>
         <uninitialized>true</uninitialized>
         <run_address>0x3b0</run_address>
         <size>0x0</size>
      </object_component>
      <object_component id="oc-34">
         <name>.text:decompress:lzss:__TI_decompress_lzss</name>
         <load_address>0xc000</load_address>
         <run_address>0xc000</run_address>
         <size>0x7c</size>
         <input_file_ref idref="fl-3c"/>
      </object_component>
      <object_component id="oc-17e">
         <name>.text:main</name>
         <load_address>0xc07c</load_address>
         <run_address>0xc07c</run_address>
         <size>0x78</size>
         <input_file_ref idref="fl-6"/>
      </object_component>
      <object_component id="oc-15d">
         <name>.text:convert_Hex_Dec</name>
         <load_address>0xc0f4</load_address>
         <run_address>0xc0f4</run_address>
         <size>0x76</size>
         <input_file_ref idref="fl-3"/>
      </object_component>
      <object_component id="oc-e7">
         <name>.text:ma_fnc_timer</name>
         <load_address>0xc16a</load_address>
         <run_address>0xc16a</run_address>
         <size>0x6e</size>
         <input_file_ref idref="fl-6"/>
      </object_component>
      <object_component id="oc-ba">
         <name>.text</name>
         <load_address>0xc1d8</load_address>
         <run_address>0xc1d8</run_address>
         <size>0x4c</size>
         <input_file_ref idref="fl-32"/>
      </object_component>
      <object_component id="oc-20c">
         <name>.text:__TI_auto_init_nobinit_nopinit:__TI_auto_init_nobinit_nopinit</name>
         <load_address>0xc224</load_address>
         <run_address>0xc224</run_address>
         <size>0x42</size>
         <input_file_ref idref="fl-35"/>
      </object_component>
      <object_component id="oc-1c7">
         <name>.text:Aff_Init</name>
         <load_address>0xc266</load_address>
         <run_address>0xc266</run_address>
         <size>0x40</size>
         <input_file_ref idref="fl-3"/>
      </object_component>
      <object_component id="oc-163">
         <name>.text:Aff_valeur</name>
         <load_address>0xc2a6</load_address>
         <run_address>0xc2a6</run_address>
         <size>0x3e</size>
         <input_file_ref idref="fl-3"/>
      </object_component>
      <object_component id="oc-1d3">
         <name>.text:config_register_pwm</name>
         <load_address>0xc2e4</load_address>
         <run_address>0xc2e4</run_address>
         <size>0x3e</size>
         <input_file_ref idref="fl-4"/>
      </object_component>
      <object_component id="oc-1f4">
         <name>.text:get_event</name>
         <load_address>0xc322</load_address>
         <run_address>0xc322</run_address>
         <size>0x38</size>
         <input_file_ref idref="fl-5"/>
      </object_component>
      <object_component id="oc-247">
         <name>.text:Init_USI_SPI</name>
         <load_address>0xc35a</load_address>
         <run_address>0xc35a</run_address>
         <size>0x2e</size>
         <input_file_ref idref="fl-3"/>
      </object_component>
      <object_component id="oc-261">
         <name>.text:pivoter_gauche_5fois</name>
         <load_address>0xc388</load_address>
         <run_address>0xc388</run_address>
         <size>0x2c</size>
         <input_file_ref idref="fl-7"/>
      </object_component>
      <object_component id="oc-1b1">
         <name>.text</name>
         <load_address>0xc3b4</load_address>
         <run_address>0xc3b4</run_address>
         <size>0x2c</size>
         <input_file_ref idref="fl-22"/>
      </object_component>
      <object_component id="oc-158">
         <name>.text</name>
         <load_address>0xc3e0</load_address>
         <run_address>0xc3e0</run_address>
         <size>0x2c</size>
         <input_file_ref idref="fl-23"/>
      </object_component>
      <object_component id="oc-b5">
         <name>.text</name>
         <load_address>0xc40c</load_address>
         <run_address>0xc40c</run_address>
         <size>0x2c</size>
         <input_file_ref idref="fl-31"/>
      </object_component>
      <object_component id="oc-1df">
         <name>.text:config_octo</name>
         <load_address>0xc438</load_address>
         <run_address>0xc438</run_address>
         <size>0x2a</size>
         <input_file_ref idref="fl-4"/>
      </object_component>
      <object_component id="oc-e1">
         <name>.text:compt_front</name>
         <load_address>0xc462</load_address>
         <run_address>0xc462</run_address>
         <size>0x26</size>
         <input_file_ref idref="fl-6"/>
      </object_component>
      <object_component id="oc-1ee">
         <name>.text:avancer</name>
         <load_address>0xc488</load_address>
         <run_address>0xc488</run_address>
         <size>0x24</size>
         <input_file_ref idref="fl-7"/>
      </object_component>
      <object_component id="oc-1b6">
         <name>.text:Aff_4carac</name>
         <load_address>0xc4ac</load_address>
         <run_address>0xc4ac</run_address>
         <size>0x22</size>
         <input_file_ref idref="fl-3"/>
      </object_component>
      <object_component id="oc-ff">
         <name>.text:_c_int00_noargs</name>
         <load_address>0xc4ce</load_address>
         <run_address>0xc4ce</run_address>
         <size>0x1c</size>
         <input_file_ref idref="fl-34"/>
      </object_component>
      <object_component id="oc-1bd">
         <name>.text:Send_char_SPI</name>
         <load_address>0xc4ea</load_address>
         <run_address>0xc4ea</run_address>
         <size>0x18</size>
         <input_file_ref idref="fl-3"/>
      </object_component>
      <object_component id="oc-1d9">
         <name>.text:config_timer0</name>
         <load_address>0xc502</load_address>
         <run_address>0xc502</run_address>
         <size>0x18</size>
         <input_file_ref idref="fl-4"/>
      </object_component>
      <object_component id="oc-147">
         <name>.text:ADC_Demarrer_conversion</name>
         <load_address>0xc51a</load_address>
         <run_address>0xc51a</run_address>
         <size>0x16</size>
         <input_file_ref idref="fl-2"/>
      </object_component>
      <object_component id="oc-1cd">
         <name>.text:ADC_init</name>
         <load_address>0xc530</load_address>
         <run_address>0xc530</run_address>
         <size>0x16</size>
         <input_file_ref idref="fl-2"/>
      </object_component>
      <object_component id="oc-268">
         <name>.text:permille_control</name>
         <load_address>0xc546</load_address>
         <run_address>0xc546</run_address>
         <size>0x16</size>
         <input_file_ref idref="fl-7"/>
      </object_component>
      <object_component id="oc-1a9">
         <name>.text</name>
         <load_address>0xc55c</load_address>
         <run_address>0xc55c</run_address>
         <size>0x16</size>
         <input_file_ref idref="fl-24"/>
      </object_component>
      <object_component id="oc-2aa">
         <name>.text:robot_arret</name>
         <load_address>0xc572</load_address>
         <run_address>0xc572</run_address>
         <size>0x14</size>
         <input_file_ref idref="fl-7"/>
      </object_component>
      <object_component id="oc-153">
         <name>.text</name>
         <load_address>0xc586</load_address>
         <run_address>0xc586</run_address>
         <size>0x14</size>
         <input_file_ref idref="fl-33"/>
      </object_component>
      <object_component id="oc-254">
         <name>.text:Aff_Luminosite</name>
         <load_address>0xc59a</load_address>
         <run_address>0xc59a</run_address>
         <size>0x12</size>
         <input_file_ref idref="fl-3"/>
      </object_component>
      <object_component id="oc-169">
         <name>.text:Aff_Points</name>
         <load_address>0xc5ac</load_address>
         <run_address>0xc5ac</run_address>
         <size>0x12</size>
         <input_file_ref idref="fl-3"/>
      </object_component>
      <object_component id="oc-3a">
         <name>.text:decompress:none:__TI_decompress_none</name>
         <load_address>0xc5be</load_address>
         <run_address>0xc5be</run_address>
         <size>0x12</size>
         <input_file_ref idref="fl-3b"/>
      </object_component>
      <object_component id="oc-cf">
         <name>.text:memcpy</name>
         <load_address>0xc5d0</load_address>
         <run_address>0xc5d0</run_address>
         <size>0x12</size>
         <input_file_ref idref="fl-40"/>
      </object_component>
      <object_component id="oc-14d">
         <name>.text:ADC_Lire_resultat</name>
         <load_address>0xc5e2</load_address>
         <run_address>0xc5e2</run_address>
         <size>0x10</size>
         <input_file_ref idref="fl-2"/>
      </object_component>
      <object_component id="oc-24d">
         <name>.text:Aff_Efface</name>
         <load_address>0xc5f2</load_address>
         <run_address>0xc5f2</run_address>
         <size>0x10</size>
         <input_file_ref idref="fl-3"/>
      </object_component>
      <object_component id="oc-bf">
         <name>.text</name>
         <load_address>0xc602</load_address>
         <run_address>0xc602</run_address>
         <size>0x10</size>
         <input_file_ref idref="fl-41"/>
      </object_component>
      <object_component id="oc-dc">
         <name>.text:_isr:__TI_ISR_TRAP</name>
         <load_address>0xc612</load_address>
         <run_address>0xc612</run_address>
         <size>0x8</size>
         <input_file_ref idref="fl-30"/>
      </object_component>
      <object_component id="oc-200">
         <name>.text:abort</name>
         <load_address>0xc61a</load_address>
         <run_address>0xc61a</run_address>
         <size>0x6</size>
         <input_file_ref idref="fl-3d"/>
      </object_component>
      <object_component id="oc-1e8">
         <name>.text:action_pivoter</name>
         <load_address>0xc620</load_address>
         <run_address>0xc620</run_address>
         <size>0x6</size>
         <input_file_ref idref="fl-5"/>
      </object_component>
      <object_component id="oc-178">
         <name>.text:_system_pre_init</name>
         <load_address>0xc626</load_address>
         <run_address>0xc626</run_address>
         <size>0x4</size>
         <input_file_ref idref="fl-39"/>
      </object_component>
      <object_component id="oc-286">
         <name>.text:_system_post_cinit</name>
         <load_address>0xc62a</load_address>
         <run_address>0xc62a</run_address>
         <size>0x2</size>
         <input_file_ref idref="fl-3a"/>
      </object_component>
      <object_component id="oc-32c">
         <name>.cinit..data.load</name>
         <load_address>0xc64a</load_address>
         <run_address>0xc64a</run_address>
         <size>0xd</size>
      </object_component>
      <object_component id="oc-32a">
         <name>__TI_handler_table</name>
         <load_address>0xc658</load_address>
         <run_address>0xc658</run_address>
         <size>0x4</size>
      </object_component>
      <object_component id="oc-32b">
         <name>__TI_cinit_table</name>
         <load_address>0xc65c</load_address>
         <run_address>0xc65c</run_address>
         <size>0x4</size>
      </object_component>
      <object_component id="oc-1e5">
         <name>.const:$P$T0$1</name>
         <load_address>0xc62c</load_address>
         <run_address>0xc62c</run_address>
         <size>0x18</size>
         <input_file_ref idref="fl-6"/>
      </object_component>
      <object_component id="oc-253">
         <name>.const:.string</name>
         <load_address>0xc644</load_address>
         <run_address>0xc644</run_address>
         <size>0x6</size>
         <input_file_ref idref="fl-3"/>
      </object_component>
      <object_component id="oc-2ec">
         <name>.binit</name>
         <load_address>0xc000</load_address>
         <run_address>0xc000</run_address>
         <size>0x0</size>
      </object_component>
      <object_component id="oc-40">
         <name>.int00</name>
         <load_address>0xffe0</load_address>
         <run_address>0xffe0</run_address>
         <size>0x2</size>
         <input_file_ref idref="fl-25"/>
      </object_component>
      <object_component id="oc-41">
         <name>.int02</name>
         <load_address>0xffe4</load_address>
         <run_address>0xffe4</run_address>
         <size>0x2</size>
         <input_file_ref idref="fl-26"/>
      </object_component>
      <object_component id="oc-42">
         <name>.int03</name>
         <load_address>0xffe6</load_address>
         <run_address>0xffe6</run_address>
         <size>0x2</size>
         <input_file_ref idref="fl-6"/>
      </object_component>
      <object_component id="oc-43">
         <name>.int05</name>
         <load_address>0xffea</load_address>
         <run_address>0xffea</run_address>
         <size>0x2</size>
         <input_file_ref idref="fl-27"/>
      </object_component>
      <object_component id="oc-44">
         <name>.int06</name>
         <load_address>0xffec</load_address>
         <run_address>0xffec</run_address>
         <size>0x2</size>
         <input_file_ref idref="fl-28"/>
      </object_component>
      <object_component id="oc-45">
         <name>.int07</name>
         <load_address>0xffee</load_address>
         <run_address>0xffee</run_address>
         <size>0x2</size>
         <input_file_ref idref="fl-29"/>
      </object_component>
      <object_component id="oc-46">
         <name>.int08</name>
         <load_address>0xfff0</load_address>
         <run_address>0xfff0</run_address>
         <size>0x2</size>
         <input_file_ref idref="fl-6"/>
      </object_component>
      <object_component id="oc-47">
         <name>.int09</name>
         <load_address>0xfff2</load_address>
         <run_address>0xfff2</run_address>
         <size>0x2</size>
         <input_file_ref idref="fl-2a"/>
      </object_component>
      <object_component id="oc-48">
         <name>.int10</name>
         <load_address>0xfff4</load_address>
         <run_address>0xfff4</run_address>
         <size>0x2</size>
         <input_file_ref idref="fl-2b"/>
      </object_component>
      <object_component id="oc-49">
         <name>.int11</name>
         <load_address>0xfff6</load_address>
         <run_address>0xfff6</run_address>
         <size>0x2</size>
         <input_file_ref idref="fl-2c"/>
      </object_component>
      <object_component id="oc-4a">
         <name>.int12</name>
         <load_address>0xfff8</load_address>
         <run_address>0xfff8</run_address>
         <size>0x2</size>
         <input_file_ref idref="fl-2d"/>
      </object_component>
      <object_component id="oc-4b">
         <name>.int13</name>
         <load_address>0xfffa</load_address>
         <run_address>0xfffa</run_address>
         <size>0x2</size>
         <input_file_ref idref="fl-2e"/>
      </object_component>
      <object_component id="oc-4c">
         <name>.int14</name>
         <load_address>0xfffc</load_address>
         <run_address>0xfffc</run_address>
         <size>0x2</size>
         <input_file_ref idref="fl-2f"/>
      </object_component>
      <object_component id="oc-b4">
         <name>.reset</name>
         <load_address>0xfffe</load_address>
         <run_address>0xfffe</run_address>
         <size>0x2</size>
         <input_file_ref idref="fl-34"/>
      </object_component>
      <object_component id="oc-1ce">
         <name>.debug_info</name>
         <load_address>0x0</load_address>
         <run_address>0x0</run_address>
         <size>0xfc</size>
         <input_file_ref idref="fl-2"/>
      </object_component>
      <object_component id="oc-14e">
         <name>.debug_info</name>
         <load_address>0xfc</load_address>
         <run_address>0xfc</run_address>
         <size>0x112</size>
         <input_file_ref idref="fl-2"/>
      </object_component>
      <object_component id="oc-148">
         <name>.debug_info</name>
         <load_address>0x20e</load_address>
         <run_address>0x20e</run_address>
         <size>0x153</size>
         <input_file_ref idref="fl-2"/>
      </object_component>
      <object_component id="oc-ca">
         <name>.debug_info</name>
         <load_address>0x361</load_address>
         <run_address>0x361</run_address>
         <size>0x84</size>
         <input_file_ref idref="fl-2"/>
      </object_component>
      <object_component id="oc-1b0">
         <name>.debug_info</name>
         <load_address>0x3e5</load_address>
         <run_address>0x3e5</run_address>
         <size>0x20f</size>
         <input_file_ref idref="fl-3"/>
      </object_component>
      <object_component id="oc-160">
         <name>.debug_info</name>
         <load_address>0x5f4</load_address>
         <run_address>0x5f4</run_address>
         <size>0x23b</size>
         <input_file_ref idref="fl-3"/>
      </object_component>
      <object_component id="oc-1be">
         <name>.debug_info</name>
         <load_address>0x82f</load_address>
         <run_address>0x82f</run_address>
         <size>0x13e</size>
         <input_file_ref idref="fl-3"/>
      </object_component>
      <object_component id="oc-248">
         <name>.debug_info</name>
         <load_address>0x96d</load_address>
         <run_address>0x96d</run_address>
         <size>0x116</size>
         <input_file_ref idref="fl-3"/>
      </object_component>
      <object_component id="oc-1b7">
         <name>.debug_info</name>
         <load_address>0xa83</load_address>
         <run_address>0xa83</run_address>
         <size>0x18c</size>
         <input_file_ref idref="fl-3"/>
      </object_component>
      <object_component id="oc-164">
         <name>.debug_info</name>
         <load_address>0xc0f</load_address>
         <run_address>0xc0f</run_address>
         <size>0x1c9</size>
         <input_file_ref idref="fl-3"/>
      </object_component>
      <object_component id="oc-16a">
         <name>.debug_info</name>
         <load_address>0xdd8</load_address>
         <run_address>0xdd8</run_address>
         <size>0x15c</size>
         <input_file_ref idref="fl-3"/>
      </object_component>
      <object_component id="oc-255">
         <name>.debug_info</name>
         <load_address>0xf34</load_address>
         <run_address>0xf34</run_address>
         <size>0x160</size>
         <input_file_ref idref="fl-3"/>
      </object_component>
      <object_component id="oc-24e">
         <name>.debug_info</name>
         <load_address>0x1094</load_address>
         <run_address>0x1094</run_address>
         <size>0x137</size>
         <input_file_ref idref="fl-3"/>
      </object_component>
      <object_component id="oc-1c8">
         <name>.debug_info</name>
         <load_address>0x11cb</load_address>
         <run_address>0x11cb</run_address>
         <size>0x17a</size>
         <input_file_ref idref="fl-3"/>
      </object_component>
      <object_component id="oc-1db">
         <name>.debug_info</name>
         <load_address>0x1345</load_address>
         <run_address>0x1345</run_address>
         <size>0x10f</size>
         <input_file_ref idref="fl-4"/>
      </object_component>
      <object_component id="oc-1d7">
         <name>.debug_info</name>
         <load_address>0x1454</load_address>
         <run_address>0x1454</run_address>
         <size>0x11b</size>
         <input_file_ref idref="fl-4"/>
      </object_component>
      <object_component id="oc-1e2">
         <name>.debug_info</name>
         <load_address>0x156f</load_address>
         <run_address>0x156f</run_address>
         <size>0x10b</size>
         <input_file_ref idref="fl-4"/>
      </object_component>
      <object_component id="oc-273">
         <name>.debug_info</name>
         <load_address>0x167a</load_address>
         <run_address>0x167a</run_address>
         <size>0x211</size>
         <input_file_ref idref="fl-5"/>
      </object_component>
      <object_component id="oc-270">
         <name>.debug_info</name>
         <load_address>0x188b</load_address>
         <run_address>0x188b</run_address>
         <size>0xe7</size>
         <input_file_ref idref="fl-5"/>
      </object_component>
      <object_component id="oc-1f8">
         <name>.debug_info</name>
         <load_address>0x1972</load_address>
         <run_address>0x1972</run_address>
         <size>0x17b</size>
         <input_file_ref idref="fl-5"/>
      </object_component>
      <object_component id="oc-1ea">
         <name>.debug_info</name>
         <load_address>0x1aed</load_address>
         <run_address>0x1aed</run_address>
         <size>0x13e</size>
         <input_file_ref idref="fl-5"/>
      </object_component>
      <object_component id="oc-1fb">
         <name>.debug_info</name>
         <load_address>0x1c2b</load_address>
         <run_address>0x1c2b</run_address>
         <size>0xd8</size>
         <input_file_ref idref="fl-5"/>
      </object_component>
      <object_component id="oc-1a5">
         <name>.debug_info</name>
         <load_address>0x1d03</load_address>
         <run_address>0x1d03</run_address>
         <size>0x49c</size>
         <input_file_ref idref="fl-6"/>
      </object_component>
      <object_component id="oc-144">
         <name>.debug_info</name>
         <load_address>0x219f</load_address>
         <run_address>0x219f</run_address>
         <size>0x19c</size>
         <input_file_ref idref="fl-6"/>
      </object_component>
      <object_component id="oc-1e6">
         <name>.debug_info</name>
         <load_address>0x233b</load_address>
         <run_address>0x233b</run_address>
         <size>0xd4</size>
         <input_file_ref idref="fl-6"/>
      </object_component>
      <object_component id="oc-180">
         <name>.debug_info</name>
         <load_address>0x240f</load_address>
         <run_address>0x240f</run_address>
         <size>0x1cc</size>
         <input_file_ref idref="fl-6"/>
      </object_component>
      <object_component id="oc-e8">
         <name>.debug_info</name>
         <load_address>0x25db</load_address>
         <run_address>0x25db</run_address>
         <size>0x1be</size>
         <input_file_ref idref="fl-6"/>
      </object_component>
      <object_component id="oc-e2">
         <name>.debug_info</name>
         <load_address>0x2799</load_address>
         <run_address>0x2799</run_address>
         <size>0x10c</size>
         <input_file_ref idref="fl-6"/>
      </object_component>
      <object_component id="oc-2ab">
         <name>.debug_info</name>
         <load_address>0x28a5</load_address>
         <run_address>0x28a5</run_address>
         <size>0x120</size>
         <input_file_ref idref="fl-7"/>
      </object_component>
      <object_component id="oc-269">
         <name>.debug_info</name>
         <load_address>0x29c5</load_address>
         <run_address>0x29c5</run_address>
         <size>0x184</size>
         <input_file_ref idref="fl-7"/>
      </object_component>
      <object_component id="oc-262">
         <name>.debug_info</name>
         <load_address>0x2b49</load_address>
         <run_address>0x2b49</run_address>
         <size>0x144</size>
         <input_file_ref idref="fl-7"/>
      </object_component>
      <object_component id="oc-1f0">
         <name>.debug_info</name>
         <load_address>0x2c8d</load_address>
         <run_address>0x2c8d</run_address>
         <size>0x146</size>
         <input_file_ref idref="fl-7"/>
      </object_component>
      <object_component id="oc-1b4">
         <name>.debug_info</name>
         <load_address>0x2dd3</load_address>
         <run_address>0x2dd3</run_address>
         <size>0x120</size>
         <input_file_ref idref="fl-22"/>
      </object_component>
      <object_component id="oc-159">
         <name>.debug_info</name>
         <load_address>0x2ef3</load_address>
         <run_address>0x2ef3</run_address>
         <size>0x135</size>
         <input_file_ref idref="fl-23"/>
      </object_component>
      <object_component id="oc-1ac">
         <name>.debug_info</name>
         <load_address>0x3028</load_address>
         <run_address>0x3028</run_address>
         <size>0x121</size>
         <input_file_ref idref="fl-24"/>
      </object_component>
      <object_component id="oc-dd">
         <name>.debug_info</name>
         <load_address>0x3149</load_address>
         <run_address>0x3149</run_address>
         <size>0x10f</size>
         <input_file_ref idref="fl-30"/>
      </object_component>
      <object_component id="oc-b6">
         <name>.debug_info</name>
         <load_address>0x3258</load_address>
         <run_address>0x3258</run_address>
         <size>0x120</size>
         <input_file_ref idref="fl-31"/>
      </object_component>
      <object_component id="oc-bd">
         <name>.debug_info</name>
         <load_address>0x3378</load_address>
         <run_address>0x3378</run_address>
         <size>0x120</size>
         <input_file_ref idref="fl-32"/>
      </object_component>
      <object_component id="oc-154">
         <name>.debug_info</name>
         <load_address>0x3498</load_address>
         <run_address>0x3498</run_address>
         <size>0x121</size>
         <input_file_ref idref="fl-33"/>
      </object_component>
      <object_component id="oc-b2">
         <name>.debug_info</name>
         <load_address>0x35b9</load_address>
         <run_address>0x35b9</run_address>
         <size>0x100</size>
         <input_file_ref idref="fl-34"/>
      </object_component>
      <object_component id="oc-102">
         <name>.debug_info</name>
         <load_address>0x36b9</load_address>
         <run_address>0x36b9</run_address>
         <size>0x17a</size>
         <input_file_ref idref="fl-34"/>
      </object_component>
      <object_component id="oc-28d">
         <name>.debug_info</name>
         <load_address>0x3833</load_address>
         <run_address>0x3833</run_address>
         <size>0x3de</size>
         <input_file_ref idref="fl-35"/>
      </object_component>
      <object_component id="oc-20f">
         <name>.debug_info</name>
         <load_address>0x3c11</load_address>
         <run_address>0x3c11</run_address>
         <size>0x1e0</size>
         <input_file_ref idref="fl-35"/>
      </object_component>
      <object_component id="oc-2cd">
         <name>.debug_info</name>
         <load_address>0x3df1</load_address>
         <run_address>0x3df1</run_address>
         <size>0x39</size>
         <input_file_ref idref="fl-35"/>
      </object_component>
      <object_component id="oc-2d9">
         <name>.debug_info</name>
         <load_address>0x3e2a</load_address>
         <run_address>0x3e2a</run_address>
         <size>0x2c</size>
         <input_file_ref idref="fl-35"/>
      </object_component>
      <object_component id="oc-298">
         <name>.debug_info</name>
         <load_address>0x3e56</load_address>
         <run_address>0x3e56</run_address>
         <size>0x2c</size>
         <input_file_ref idref="fl-35"/>
      </object_component>
      <object_component id="oc-2d2">
         <name>.debug_info</name>
         <load_address>0x3e82</load_address>
         <run_address>0x3e82</run_address>
         <size>0xcd</size>
         <input_file_ref idref="fl-35"/>
      </object_component>
      <object_component id="oc-136">
         <name>.debug_info</name>
         <load_address>0x3f4f</load_address>
         <run_address>0x3f4f</run_address>
         <size>0x2c</size>
         <input_file_ref idref="fl-36"/>
      </object_component>
      <object_component id="oc-179">
         <name>.debug_info</name>
         <load_address>0x3f7b</load_address>
         <run_address>0x3f7b</run_address>
         <size>0x153</size>
         <input_file_ref idref="fl-39"/>
      </object_component>
      <object_component id="oc-28a">
         <name>.debug_info</name>
         <load_address>0x40ce</load_address>
         <run_address>0x40ce</run_address>
         <size>0x150</size>
         <input_file_ref idref="fl-3a"/>
      </object_component>
      <object_component id="oc-db">
         <name>.debug_info</name>
         <load_address>0x421e</load_address>
         <run_address>0x421e</run_address>
         <size>0x180</size>
         <input_file_ref idref="fl-3b"/>
      </object_component>
      <object_component id="oc-3c">
         <name>.debug_info</name>
         <load_address>0x439e</load_address>
         <run_address>0x439e</run_address>
         <size>0x1ea</size>
         <input_file_ref idref="fl-3b"/>
      </object_component>
      <object_component id="oc-d6">
         <name>.debug_info</name>
         <load_address>0x4588</load_address>
         <run_address>0x4588</run_address>
         <size>0x46</size>
         <input_file_ref idref="fl-3b"/>
      </object_component>
      <object_component id="oc-13b">
         <name>.debug_info</name>
         <load_address>0x45ce</load_address>
         <run_address>0x45ce</run_address>
         <size>0x2c</size>
         <input_file_ref idref="fl-3b"/>
      </object_component>
      <object_component id="oc-133">
         <name>.debug_info</name>
         <load_address>0x45fa</load_address>
         <run_address>0x45fa</run_address>
         <size>0x176</size>
         <input_file_ref idref="fl-3c"/>
      </object_component>
      <object_component id="oc-36">
         <name>.debug_info</name>
         <load_address>0x4770</load_address>
         <run_address>0x4770</run_address>
         <size>0x292</size>
         <input_file_ref idref="fl-3c"/>
      </object_component>
      <object_component id="oc-c5">
         <name>.debug_info</name>
         <load_address>0x4a02</load_address>
         <run_address>0x4a02</run_address>
         <size>0x60</size>
         <input_file_ref idref="fl-3c"/>
      </object_component>
      <object_component id="oc-19a">
         <name>.debug_info</name>
         <load_address>0x4a62</load_address>
         <run_address>0x4a62</run_address>
         <size>0x46</size>
         <input_file_ref idref="fl-3c"/>
      </object_component>
      <object_component id="oc-12e">
         <name>.debug_info</name>
         <load_address>0x4aa8</load_address>
         <run_address>0x4aa8</run_address>
         <size>0x39</size>
         <input_file_ref idref="fl-3c"/>
      </object_component>
      <object_component id="oc-201">
         <name>.debug_info</name>
         <load_address>0x4ae1</load_address>
         <run_address>0x4ae1</run_address>
         <size>0x122</size>
         <input_file_ref idref="fl-3d"/>
      </object_component>
      <object_component id="oc-135">
         <name>.debug_info</name>
         <load_address>0x4c03</load_address>
         <run_address>0x4c03</run_address>
         <size>0x181</size>
         <input_file_ref idref="fl-40"/>
      </object_component>
      <object_component id="oc-d2">
         <name>.debug_info</name>
         <load_address>0x4d84</load_address>
         <run_address>0x4d84</run_address>
         <size>0x17a</size>
         <input_file_ref idref="fl-40"/>
      </object_component>
      <object_component id="oc-c1">
         <name>.debug_info</name>
         <load_address>0x4efe</load_address>
         <run_address>0x4efe</run_address>
         <size>0x12e</size>
         <input_file_ref idref="fl-41"/>
      </object_component>
      <object_component id="oc-32e">
         <name>.debug_info</name>
         <load_address>0x502c</load_address>
         <run_address>0x502c</run_address>
         <size>0xa4</size>
      </object_component>
      <object_component id="oc-1d2">
         <name>.debug_line</name>
         <load_address>0x0</load_address>
         <run_address>0x0</run_address>
         <size>0x41</size>
         <input_file_ref idref="fl-2"/>
      </object_component>
      <object_component id="oc-152">
         <name>.debug_line</name>
         <load_address>0x41</load_address>
         <run_address>0x41</run_address>
         <size>0x45</size>
         <input_file_ref idref="fl-2"/>
      </object_component>
      <object_component id="oc-14c">
         <name>.debug_line</name>
         <load_address>0x86</load_address>
         <run_address>0x86</run_address>
         <size>0x42</size>
         <input_file_ref idref="fl-2"/>
      </object_component>
      <object_component id="oc-cd">
         <name>.debug_line</name>
         <load_address>0xc8</load_address>
         <run_address>0xc8</run_address>
         <size>0x20</size>
         <input_file_ref idref="fl-2"/>
      </object_component>
      <object_component id="oc-243">
         <name>.debug_line</name>
         <load_address>0xe8</load_address>
         <run_address>0xe8</run_address>
         <size>0x5b</size>
         <input_file_ref idref="fl-3"/>
      </object_component>
      <object_component id="oc-15f">
         <name>.debug_line</name>
         <load_address>0x143</load_address>
         <run_address>0x143</run_address>
         <size>0x51</size>
         <input_file_ref idref="fl-3"/>
      </object_component>
      <object_component id="oc-1c1">
         <name>.debug_line</name>
         <load_address>0x194</load_address>
         <run_address>0x194</run_address>
         <size>0x4e</size>
         <input_file_ref idref="fl-3"/>
      </object_component>
      <object_component id="oc-24b">
         <name>.debug_line</name>
         <load_address>0x1e2</load_address>
         <run_address>0x1e2</run_address>
         <size>0x4c</size>
         <input_file_ref idref="fl-3"/>
      </object_component>
      <object_component id="oc-1ba">
         <name>.debug_line</name>
         <load_address>0x22e</load_address>
         <run_address>0x22e</run_address>
         <size>0x4b</size>
         <input_file_ref idref="fl-3"/>
      </object_component>
      <object_component id="oc-167">
         <name>.debug_line</name>
         <load_address>0x279</load_address>
         <run_address>0x279</run_address>
         <size>0x50</size>
         <input_file_ref idref="fl-3"/>
      </object_component>
      <object_component id="oc-16d">
         <name>.debug_line</name>
         <load_address>0x2c9</load_address>
         <run_address>0x2c9</run_address>
         <size>0x49</size>
         <input_file_ref idref="fl-3"/>
      </object_component>
      <object_component id="oc-258">
         <name>.debug_line</name>
         <load_address>0x312</load_address>
         <run_address>0x312</run_address>
         <size>0x49</size>
         <input_file_ref idref="fl-3"/>
      </object_component>
      <object_component id="oc-251">
         <name>.debug_line</name>
         <load_address>0x35b</load_address>
         <run_address>0x35b</run_address>
         <size>0x49</size>
         <input_file_ref idref="fl-3"/>
      </object_component>
      <object_component id="oc-1cb">
         <name>.debug_line</name>
         <load_address>0x3a4</load_address>
         <run_address>0x3a4</run_address>
         <size>0x4e</size>
         <input_file_ref idref="fl-3"/>
      </object_component>
      <object_component id="oc-1de">
         <name>.debug_line</name>
         <load_address>0x3f2</load_address>
         <run_address>0x3f2</run_address>
         <size>0x45</size>
         <input_file_ref idref="fl-4"/>
      </object_component>
      <object_component id="oc-1d6">
         <name>.debug_line</name>
         <load_address>0x437</load_address>
         <run_address>0x437</run_address>
         <size>0x4b</size>
         <input_file_ref idref="fl-4"/>
      </object_component>
      <object_component id="oc-1e1">
         <name>.debug_line</name>
         <load_address>0x482</load_address>
         <run_address>0x482</run_address>
         <size>0x4b</size>
         <input_file_ref idref="fl-4"/>
      </object_component>
      <object_component id="oc-2b5">
         <name>.debug_line</name>
         <load_address>0x4cd</load_address>
         <run_address>0x4cd</run_address>
         <size>0x57</size>
         <input_file_ref idref="fl-5"/>
      </object_component>
      <object_component id="oc-2b3">
         <name>.debug_line</name>
         <load_address>0x524</load_address>
         <run_address>0x524</run_address>
         <size>0x35</size>
         <input_file_ref idref="fl-5"/>
      </object_component>
      <object_component id="oc-1f5">
         <name>.debug_line</name>
         <load_address>0x559</load_address>
         <run_address>0x559</run_address>
         <size>0x53</size>
         <input_file_ref idref="fl-5"/>
      </object_component>
      <object_component id="oc-1ec">
         <name>.debug_line</name>
         <load_address>0x5ac</load_address>
         <run_address>0x5ac</run_address>
         <size>0x48</size>
         <input_file_ref idref="fl-5"/>
      </object_component>
      <object_component id="oc-1fe">
         <name>.debug_line</name>
         <load_address>0x5f4</load_address>
         <run_address>0x5f4</run_address>
         <size>0x35</size>
         <input_file_ref idref="fl-5"/>
      </object_component>
      <object_component id="oc-240">
         <name>.debug_line</name>
         <load_address>0x629</load_address>
         <run_address>0x629</run_address>
         <size>0xb0</size>
         <input_file_ref idref="fl-6"/>
      </object_component>
      <object_component id="oc-1a4">
         <name>.debug_line</name>
         <load_address>0x6d9</load_address>
         <run_address>0x6d9</run_address>
         <size>0x2f</size>
         <input_file_ref idref="fl-6"/>
      </object_component>
      <object_component id="oc-260">
         <name>.debug_line</name>
         <load_address>0x708</load_address>
         <run_address>0x708</run_address>
         <size>0x2f</size>
         <input_file_ref idref="fl-6"/>
      </object_component>
      <object_component id="oc-183">
         <name>.debug_line</name>
         <load_address>0x737</load_address>
         <run_address>0x737</run_address>
         <size>0x62</size>
         <input_file_ref idref="fl-6"/>
      </object_component>
      <object_component id="oc-eb">
         <name>.debug_line</name>
         <load_address>0x799</load_address>
         <run_address>0x799</run_address>
         <size>0x4e</size>
         <input_file_ref idref="fl-6"/>
      </object_component>
      <object_component id="oc-e5">
         <name>.debug_line</name>
         <load_address>0x7e7</load_address>
         <run_address>0x7e7</run_address>
         <size>0x4f</size>
         <input_file_ref idref="fl-6"/>
      </object_component>
      <object_component id="oc-2af">
         <name>.debug_line</name>
         <load_address>0x836</load_address>
         <run_address>0x836</run_address>
         <size>0x4c</size>
         <input_file_ref idref="fl-7"/>
      </object_component>
      <object_component id="oc-26c">
         <name>.debug_line</name>
         <load_address>0x882</load_address>
         <run_address>0x882</run_address>
         <size>0x49</size>
         <input_file_ref idref="fl-7"/>
      </object_component>
      <object_component id="oc-266">
         <name>.debug_line</name>
         <load_address>0x8cb</load_address>
         <run_address>0x8cb</run_address>
         <size>0x4e</size>
         <input_file_ref idref="fl-7"/>
      </object_component>
      <object_component id="oc-1f3">
         <name>.debug_line</name>
         <load_address>0x919</load_address>
         <run_address>0x919</run_address>
         <size>0x4c</size>
         <input_file_ref idref="fl-7"/>
      </object_component>
      <object_component id="oc-1b3">
         <name>.debug_line</name>
         <load_address>0x965</load_address>
         <run_address>0x965</run_address>
         <size>0x4e</size>
         <input_file_ref idref="fl-22"/>
      </object_component>
      <object_component id="oc-15c">
         <name>.debug_line</name>
         <load_address>0x9b3</load_address>
         <run_address>0x9b3</run_address>
         <size>0x4d</size>
         <input_file_ref idref="fl-23"/>
      </object_component>
      <object_component id="oc-1ab">
         <name>.debug_line</name>
         <load_address>0xa00</load_address>
         <run_address>0xa00</run_address>
         <size>0x43</size>
         <input_file_ref idref="fl-24"/>
      </object_component>
      <object_component id="oc-e0">
         <name>.debug_line</name>
         <load_address>0xa43</load_address>
         <run_address>0xa43</run_address>
         <size>0x3d</size>
         <input_file_ref idref="fl-30"/>
      </object_component>
      <object_component id="oc-b9">
         <name>.debug_line</name>
         <load_address>0xa80</load_address>
         <run_address>0xa80</run_address>
         <size>0x4e</size>
         <input_file_ref idref="fl-31"/>
      </object_component>
      <object_component id="oc-bc">
         <name>.debug_line</name>
         <load_address>0xace</load_address>
         <run_address>0xace</run_address>
         <size>0x5e</size>
         <input_file_ref idref="fl-32"/>
      </object_component>
      <object_component id="oc-157">
         <name>.debug_line</name>
         <load_address>0xb2c</load_address>
         <run_address>0xb2c</run_address>
         <size>0x42</size>
         <input_file_ref idref="fl-33"/>
      </object_component>
      <object_component id="oc-12a">
         <name>.debug_line</name>
         <load_address>0xb6e</load_address>
         <run_address>0xb6e</run_address>
         <size>0x2a</size>
         <input_file_ref idref="fl-34"/>
      </object_component>
      <object_component id="oc-104">
         <name>.debug_line</name>
         <load_address>0xb98</load_address>
         <run_address>0xb98</run_address>
         <size>0x46</size>
         <input_file_ref idref="fl-34"/>
      </object_component>
      <object_component id="oc-2cc">
         <name>.debug_line</name>
         <load_address>0xbde</load_address>
         <run_address>0xbde</run_address>
         <size>0xbf</size>
         <input_file_ref idref="fl-35"/>
      </object_component>
      <object_component id="oc-20d">
         <name>.debug_line</name>
         <load_address>0xc9d</load_address>
         <run_address>0xc9d</run_address>
         <size>0x76</size>
         <input_file_ref idref="fl-35"/>
      </object_component>
      <object_component id="oc-2d0">
         <name>.debug_line</name>
         <load_address>0xd13</load_address>
         <run_address>0xd13</run_address>
         <size>0x2e</size>
         <input_file_ref idref="fl-35"/>
      </object_component>
      <object_component id="oc-2dc">
         <name>.debug_line</name>
         <load_address>0xd41</load_address>
         <run_address>0xd41</run_address>
         <size>0x9a</size>
         <input_file_ref idref="fl-35"/>
      </object_component>
      <object_component id="oc-29b">
         <name>.debug_line</name>
         <load_address>0xddb</load_address>
         <run_address>0xddb</run_address>
         <size>0x97</size>
         <input_file_ref idref="fl-35"/>
      </object_component>
      <object_component id="oc-2d5">
         <name>.debug_line</name>
         <load_address>0xe72</load_address>
         <run_address>0xe72</run_address>
         <size>0x93</size>
         <input_file_ref idref="fl-35"/>
      </object_component>
      <object_component id="oc-139">
         <name>.debug_line</name>
         <load_address>0xf05</load_address>
         <run_address>0xf05</run_address>
         <size>0x92</size>
         <input_file_ref idref="fl-36"/>
      </object_component>
      <object_component id="oc-17d">
         <name>.debug_line</name>
         <load_address>0xf97</load_address>
         <run_address>0xf97</run_address>
         <size>0x3e</size>
         <input_file_ref idref="fl-39"/>
      </object_component>
      <object_component id="oc-288">
         <name>.debug_line</name>
         <load_address>0xfd5</load_address>
         <run_address>0xfd5</run_address>
         <size>0x3a</size>
         <input_file_ref idref="fl-3a"/>
      </object_component>
      <object_component id="oc-141">
         <name>.debug_line</name>
         <load_address>0x100f</load_address>
         <run_address>0x100f</run_address>
         <size>0x20</size>
         <input_file_ref idref="fl-3b"/>
      </object_component>
      <object_component id="oc-3f">
         <name>.debug_line</name>
         <load_address>0x102f</load_address>
         <run_address>0x102f</run_address>
         <size>0x50</size>
         <input_file_ref idref="fl-3b"/>
      </object_component>
      <object_component id="oc-d9">
         <name>.debug_line</name>
         <load_address>0x107f</load_address>
         <run_address>0x107f</run_address>
         <size>0x3a</size>
         <input_file_ref idref="fl-3b"/>
      </object_component>
      <object_component id="oc-13e">
         <name>.debug_line</name>
         <load_address>0x10b9</load_address>
         <run_address>0x10b9</run_address>
         <size>0x92</size>
         <input_file_ref idref="fl-3b"/>
      </object_component>
      <object_component id="oc-1a0">
         <name>.debug_line</name>
         <load_address>0x114b</load_address>
         <run_address>0x114b</run_address>
         <size>0x20</size>
         <input_file_ref idref="fl-3c"/>
      </object_component>
      <object_component id="oc-35">
         <name>.debug_line</name>
         <load_address>0x116b</load_address>
         <run_address>0x116b</run_address>
         <size>0x92</size>
         <input_file_ref idref="fl-3c"/>
      </object_component>
      <object_component id="oc-c8">
         <name>.debug_line</name>
         <load_address>0x11fd</load_address>
         <run_address>0x11fd</run_address>
         <size>0x3a</size>
         <input_file_ref idref="fl-3c"/>
      </object_component>
      <object_component id="oc-19d">
         <name>.debug_line</name>
         <load_address>0x1237</load_address>
         <run_address>0x1237</run_address>
         <size>0x9a</size>
         <input_file_ref idref="fl-3c"/>
      </object_component>
      <object_component id="oc-131">
         <name>.debug_line</name>
         <load_address>0x12d1</load_address>
         <run_address>0x12d1</run_address>
         <size>0x96</size>
         <input_file_ref idref="fl-3c"/>
      </object_component>
      <object_component id="oc-205">
         <name>.debug_line</name>
         <load_address>0x1367</load_address>
         <run_address>0x1367</run_address>
         <size>0x3d</size>
         <input_file_ref idref="fl-3d"/>
      </object_component>
      <object_component id="oc-1a2">
         <name>.debug_line</name>
         <load_address>0x13a4</load_address>
         <run_address>0x13a4</run_address>
         <size>0x20</size>
         <input_file_ref idref="fl-40"/>
      </object_component>
      <object_component id="oc-d0">
         <name>.debug_line</name>
         <load_address>0x13c4</load_address>
         <run_address>0x13c4</run_address>
         <size>0x42</size>
         <input_file_ref idref="fl-40"/>
      </object_component>
      <object_component id="oc-c0">
         <name>.debug_line</name>
         <load_address>0x1406</load_address>
         <run_address>0x1406</run_address>
         <size>0x40</size>
         <input_file_ref idref="fl-41"/>
      </object_component>
      <object_component id="oc-1d1">
         <name>.debug_frame</name>
         <load_address>0x0</load_address>
         <run_address>0x0</run_address>
         <size>0x3c</size>
         <input_file_ref idref="fl-2"/>
      </object_component>
      <object_component id="oc-151">
         <name>.debug_frame</name>
         <load_address>0x3c</load_address>
         <run_address>0x3c</run_address>
         <size>0x3c</size>
         <input_file_ref idref="fl-2"/>
      </object_component>
      <object_component id="oc-14b">
         <name>.debug_frame</name>
         <load_address>0x78</load_address>
         <run_address>0x78</run_address>
         <size>0x3c</size>
         <input_file_ref idref="fl-2"/>
      </object_component>
      <object_component id="oc-15e">
         <name>.debug_frame</name>
         <load_address>0xb4</load_address>
         <run_address>0xb4</run_address>
         <size>0x48</size>
         <input_file_ref idref="fl-3"/>
      </object_component>
      <object_component id="oc-1c2">
         <name>.debug_frame</name>
         <load_address>0xfc</load_address>
         <run_address>0xfc</run_address>
         <size>0x3c</size>
         <input_file_ref idref="fl-3"/>
      </object_component>
      <object_component id="oc-24c">
         <name>.debug_frame</name>
         <load_address>0x138</load_address>
         <run_address>0x138</run_address>
         <size>0x3c</size>
         <input_file_ref idref="fl-3"/>
      </object_component>
      <object_component id="oc-1bb">
         <name>.debug_frame</name>
         <load_address>0x174</load_address>
         <run_address>0x174</run_address>
         <size>0x3c</size>
         <input_file_ref idref="fl-3"/>
      </object_component>
      <object_component id="oc-168">
         <name>.debug_frame</name>
         <load_address>0x1b0</load_address>
         <run_address>0x1b0</run_address>
         <size>0x40</size>
         <input_file_ref idref="fl-3"/>
      </object_component>
      <object_component id="oc-16e">
         <name>.debug_frame</name>
         <load_address>0x1f0</load_address>
         <run_address>0x1f0</run_address>
         <size>0x3c</size>
         <input_file_ref idref="fl-3"/>
      </object_component>
      <object_component id="oc-259">
         <name>.debug_frame</name>
         <load_address>0x22c</load_address>
         <run_address>0x22c</run_address>
         <size>0x3c</size>
         <input_file_ref idref="fl-3"/>
      </object_component>
      <object_component id="oc-252">
         <name>.debug_frame</name>
         <load_address>0x268</load_address>
         <run_address>0x268</run_address>
         <size>0x3c</size>
         <input_file_ref idref="fl-3"/>
      </object_component>
      <object_component id="oc-1cc">
         <name>.debug_frame</name>
         <load_address>0x2a4</load_address>
         <run_address>0x2a4</run_address>
         <size>0x3c</size>
         <input_file_ref idref="fl-3"/>
      </object_component>
      <object_component id="oc-1dd">
         <name>.debug_frame</name>
         <load_address>0x2e0</load_address>
         <run_address>0x2e0</run_address>
         <size>0x3c</size>
         <input_file_ref idref="fl-4"/>
      </object_component>
      <object_component id="oc-1d5">
         <name>.debug_frame</name>
         <load_address>0x31c</load_address>
         <run_address>0x31c</run_address>
         <size>0x3c</size>
         <input_file_ref idref="fl-4"/>
      </object_component>
      <object_component id="oc-1e4">
         <name>.debug_frame</name>
         <load_address>0x358</load_address>
         <run_address>0x358</run_address>
         <size>0x3c</size>
         <input_file_ref idref="fl-4"/>
      </object_component>
      <object_component id="oc-1f6">
         <name>.debug_frame</name>
         <load_address>0x394</load_address>
         <run_address>0x394</run_address>
         <size>0x3c</size>
         <input_file_ref idref="fl-5"/>
      </object_component>
      <object_component id="oc-1ed">
         <name>.debug_frame</name>
         <load_address>0x3d0</load_address>
         <run_address>0x3d0</run_address>
         <size>0x3c</size>
         <input_file_ref idref="fl-5"/>
      </object_component>
      <object_component id="oc-17f">
         <name>.debug_frame</name>
         <load_address>0x40c</load_address>
         <run_address>0x40c</run_address>
         <size>0x44</size>
         <input_file_ref idref="fl-6"/>
      </object_component>
      <object_component id="oc-ec">
         <name>.debug_frame</name>
         <load_address>0x450</load_address>
         <run_address>0x450</run_address>
         <size>0x64</size>
         <input_file_ref idref="fl-6"/>
      </object_component>
      <object_component id="oc-e6">
         <name>.debug_frame</name>
         <load_address>0x4b4</load_address>
         <run_address>0x4b4</run_address>
         <size>0x3c</size>
         <input_file_ref idref="fl-6"/>
      </object_component>
      <object_component id="oc-2ae">
         <name>.debug_frame</name>
         <load_address>0x4f0</load_address>
         <run_address>0x4f0</run_address>
         <size>0x3c</size>
         <input_file_ref idref="fl-7"/>
      </object_component>
      <object_component id="oc-26d">
         <name>.debug_frame</name>
         <load_address>0x52c</load_address>
         <run_address>0x52c</run_address>
         <size>0x3c</size>
         <input_file_ref idref="fl-7"/>
      </object_component>
      <object_component id="oc-265">
         <name>.debug_frame</name>
         <load_address>0x568</load_address>
         <run_address>0x568</run_address>
         <size>0x3c</size>
         <input_file_ref idref="fl-7"/>
      </object_component>
      <object_component id="oc-1ef">
         <name>.debug_frame</name>
         <load_address>0x5a4</load_address>
         <run_address>0x5a4</run_address>
         <size>0x3c</size>
         <input_file_ref idref="fl-7"/>
      </object_component>
      <object_component id="oc-100">
         <name>.debug_frame</name>
         <load_address>0x5e0</load_address>
         <run_address>0x5e0</run_address>
         <size>0x34</size>
         <input_file_ref idref="fl-34"/>
      </object_component>
      <object_component id="oc-20e">
         <name>.debug_frame</name>
         <load_address>0x614</load_address>
         <run_address>0x614</run_address>
         <size>0x44</size>
         <input_file_ref idref="fl-35"/>
      </object_component>
      <object_component id="oc-17c">
         <name>.debug_frame</name>
         <load_address>0x658</load_address>
         <run_address>0x658</run_address>
         <size>0x3c</size>
         <input_file_ref idref="fl-39"/>
      </object_component>
      <object_component id="oc-289">
         <name>.debug_frame</name>
         <load_address>0x694</load_address>
         <run_address>0x694</run_address>
         <size>0x3c</size>
         <input_file_ref idref="fl-3a"/>
      </object_component>
      <object_component id="oc-3b">
         <name>.debug_frame</name>
         <load_address>0x6d0</load_address>
         <run_address>0x6d0</run_address>
         <size>0x3c</size>
         <input_file_ref idref="fl-3b"/>
      </object_component>
      <object_component id="oc-39">
         <name>.debug_frame</name>
         <load_address>0x70c</load_address>
         <run_address>0x70c</run_address>
         <size>0x48</size>
         <input_file_ref idref="fl-3c"/>
      </object_component>
      <object_component id="oc-204">
         <name>.debug_frame</name>
         <load_address>0x754</load_address>
         <run_address>0x754</run_address>
         <size>0x3c</size>
         <input_file_ref idref="fl-3d"/>
      </object_component>
      <object_component id="oc-d4">
         <name>.debug_frame</name>
         <load_address>0x790</load_address>
         <run_address>0x790</run_address>
         <size>0x3c</size>
         <input_file_ref idref="fl-40"/>
      </object_component>
      <object_component id="oc-25b">
         <name>.debug_abbrev</name>
         <load_address>0x0</load_address>
         <run_address>0x0</run_address>
         <size>0x50</size>
         <input_file_ref idref="fl-2"/>
      </object_component>
      <object_component id="oc-1a7">
         <name>.debug_abbrev</name>
         <load_address>0x50</load_address>
         <run_address>0x50</run_address>
         <size>0x52</size>
         <input_file_ref idref="fl-2"/>
      </object_component>
      <object_component id="oc-1a6">
         <name>.debug_abbrev</name>
         <load_address>0xa2</load_address>
         <run_address>0xa2</run_address>
         <size>0x7a</size>
         <input_file_ref idref="fl-2"/>
      </object_component>
      <object_component id="oc-cc">
         <name>.debug_abbrev</name>
         <load_address>0x11c</load_address>
         <run_address>0x11c</run_address>
         <size>0x1f</size>
         <input_file_ref idref="fl-2"/>
      </object_component>
      <object_component id="oc-242">
         <name>.debug_abbrev</name>
         <load_address>0x13b</load_address>
         <run_address>0x13b</run_address>
         <size>0x6e</size>
         <input_file_ref idref="fl-3"/>
      </object_component>
      <object_component id="oc-1af">
         <name>.debug_abbrev</name>
         <load_address>0x1a9</load_address>
         <run_address>0x1a9</run_address>
         <size>0x7c</size>
         <input_file_ref idref="fl-3"/>
      </object_component>
      <object_component id="oc-246">
         <name>.debug_abbrev</name>
         <load_address>0x225</load_address>
         <run_address>0x225</run_address>
         <size>0x6c</size>
         <input_file_ref idref="fl-3"/>
      </object_component>
      <object_component id="oc-2a7">
         <name>.debug_abbrev</name>
         <load_address>0x291</load_address>
         <run_address>0x291</run_address>
         <size>0x50</size>
         <input_file_ref idref="fl-3"/>
      </object_component>
      <object_component id="oc-245">
         <name>.debug_abbrev</name>
         <load_address>0x2e1</load_address>
         <run_address>0x2e1</run_address>
         <size>0x7a</size>
         <input_file_ref idref="fl-3"/>
      </object_component>
      <object_component id="oc-1bc">
         <name>.debug_abbrev</name>
         <load_address>0x35b</load_address>
         <run_address>0x35b</run_address>
         <size>0x7a</size>
         <input_file_ref idref="fl-3"/>
      </object_component>
      <object_component id="oc-1c3">
         <name>.debug_abbrev</name>
         <load_address>0x3d5</load_address>
         <run_address>0x3d5</run_address>
         <size>0x7a</size>
         <input_file_ref idref="fl-3"/>
      </object_component>
      <object_component id="oc-2a9">
         <name>.debug_abbrev</name>
         <load_address>0x44f</load_address>
         <run_address>0x44f</run_address>
         <size>0x7a</size>
         <input_file_ref idref="fl-3"/>
      </object_component>
      <object_component id="oc-2a8">
         <name>.debug_abbrev</name>
         <load_address>0x4c9</load_address>
         <run_address>0x4c9</run_address>
         <size>0x5e</size>
         <input_file_ref idref="fl-3"/>
      </object_component>
      <object_component id="oc-25a">
         <name>.debug_abbrev</name>
         <load_address>0x527</load_address>
         <run_address>0x527</run_address>
         <size>0x5e</size>
         <input_file_ref idref="fl-3"/>
      </object_component>
      <object_component id="oc-25d">
         <name>.debug_abbrev</name>
         <load_address>0x585</load_address>
         <run_address>0x585</run_address>
         <size>0x50</size>
         <input_file_ref idref="fl-4"/>
      </object_component>
      <object_component id="oc-25c">
         <name>.debug_abbrev</name>
         <load_address>0x5d5</load_address>
         <run_address>0x5d5</run_address>
         <size>0x50</size>
         <input_file_ref idref="fl-4"/>
      </object_component>
      <object_component id="oc-25e">
         <name>.debug_abbrev</name>
         <load_address>0x625</load_address>
         <run_address>0x625</run_address>
         <size>0x50</size>
         <input_file_ref idref="fl-4"/>
      </object_component>
      <object_component id="oc-2b4">
         <name>.debug_abbrev</name>
         <load_address>0x675</load_address>
         <run_address>0x675</run_address>
         <size>0x7c</size>
         <input_file_ref idref="fl-5"/>
      </object_component>
      <object_component id="oc-2b2">
         <name>.debug_abbrev</name>
         <load_address>0x6f1</load_address>
         <run_address>0x6f1</run_address>
         <size>0x29</size>
         <input_file_ref idref="fl-5"/>
      </object_component>
      <object_component id="oc-272">
         <name>.debug_abbrev</name>
         <load_address>0x71a</load_address>
         <run_address>0x71a</run_address>
         <size>0x60</size>
         <input_file_ref idref="fl-5"/>
      </object_component>
      <object_component id="oc-267">
         <name>.debug_abbrev</name>
         <load_address>0x77a</load_address>
         <run_address>0x77a</run_address>
         <size>0x5e</size>
         <input_file_ref idref="fl-5"/>
      </object_component>
      <object_component id="oc-1fd">
         <name>.debug_abbrev</name>
         <load_address>0x7d8</load_address>
         <run_address>0x7d8</run_address>
         <size>0x78</size>
         <input_file_ref idref="fl-5"/>
      </object_component>
      <object_component id="oc-23f">
         <name>.debug_abbrev</name>
         <load_address>0x850</load_address>
         <run_address>0x850</run_address>
         <size>0xc8</size>
         <input_file_ref idref="fl-6"/>
      </object_component>
      <object_component id="oc-1a3">
         <name>.debug_abbrev</name>
         <load_address>0x918</load_address>
         <run_address>0x918</run_address>
         <size>0x29</size>
         <input_file_ref idref="fl-6"/>
      </object_component>
      <object_component id="oc-25f">
         <name>.debug_abbrev</name>
         <load_address>0x941</load_address>
         <run_address>0x941</run_address>
         <size>0x27</size>
         <input_file_ref idref="fl-6"/>
      </object_component>
      <object_component id="oc-1fa">
         <name>.debug_abbrev</name>
         <load_address>0x968</load_address>
         <run_address>0x968</run_address>
         <size>0x71</size>
         <input_file_ref idref="fl-6"/>
      </object_component>
      <object_component id="oc-16f">
         <name>.debug_abbrev</name>
         <load_address>0x9d9</load_address>
         <run_address>0x9d9</run_address>
         <size>0x61</size>
         <input_file_ref idref="fl-6"/>
      </object_component>
      <object_component id="oc-146">
         <name>.debug_abbrev</name>
         <load_address>0xa3a</load_address>
         <run_address>0xa3a</run_address>
         <size>0x53</size>
         <input_file_ref idref="fl-6"/>
      </object_component>
      <object_component id="oc-2de">
         <name>.debug_abbrev</name>
         <load_address>0xa8d</load_address>
         <run_address>0xa8d</run_address>
         <size>0x50</size>
         <input_file_ref idref="fl-7"/>
      </object_component>
      <object_component id="oc-2b1">
         <name>.debug_abbrev</name>
         <load_address>0xadd</load_address>
         <run_address>0xadd</run_address>
         <size>0x7c</size>
         <input_file_ref idref="fl-7"/>
      </object_component>
      <object_component id="oc-2b0">
         <name>.debug_abbrev</name>
         <load_address>0xb59</load_address>
         <run_address>0xb59</run_address>
         <size>0x5e</size>
         <input_file_ref idref="fl-7"/>
      </object_component>
      <object_component id="oc-26e">
         <name>.debug_abbrev</name>
         <load_address>0xbb7</load_address>
         <run_address>0xbb7</run_address>
         <size>0x5e</size>
         <input_file_ref idref="fl-7"/>
      </object_component>
      <object_component id="oc-244">
         <name>.debug_abbrev</name>
         <load_address>0xc15</load_address>
         <run_address>0xc15</run_address>
         <size>0x3c</size>
         <input_file_ref idref="fl-22"/>
      </object_component>
      <object_component id="oc-1ae">
         <name>.debug_abbrev</name>
         <load_address>0xc51</load_address>
         <run_address>0xc51</run_address>
         <size>0x4a</size>
         <input_file_ref idref="fl-23"/>
      </object_component>
      <object_component id="oc-241">
         <name>.debug_abbrev</name>
         <load_address>0xc9b</load_address>
         <run_address>0xc9b</run_address>
         <size>0x3c</size>
         <input_file_ref idref="fl-24"/>
      </object_component>
      <object_component id="oc-142">
         <name>.debug_abbrev</name>
         <load_address>0xcd7</load_address>
         <run_address>0xcd7</run_address>
         <size>0x28</size>
         <input_file_ref idref="fl-30"/>
      </object_component>
      <object_component id="oc-12b">
         <name>.debug_abbrev</name>
         <load_address>0xcff</load_address>
         <run_address>0xcff</run_address>
         <size>0x3c</size>
         <input_file_ref idref="fl-31"/>
      </object_component>
      <object_component id="oc-12c">
         <name>.debug_abbrev</name>
         <load_address>0xd3b</load_address>
         <run_address>0xd3b</run_address>
         <size>0x3c</size>
         <input_file_ref idref="fl-32"/>
      </object_component>
      <object_component id="oc-1a8">
         <name>.debug_abbrev</name>
         <load_address>0xd77</load_address>
         <run_address>0xd77</run_address>
         <size>0x3c</size>
         <input_file_ref idref="fl-33"/>
      </object_component>
      <object_component id="oc-129">
         <name>.debug_abbrev</name>
         <load_address>0xdb3</load_address>
         <run_address>0xdb3</run_address>
         <size>0x29</size>
         <input_file_ref idref="fl-34"/>
      </object_component>
      <object_component id="oc-187">
         <name>.debug_abbrev</name>
         <load_address>0xddc</load_address>
         <run_address>0xddc</run_address>
         <size>0x58</size>
         <input_file_ref idref="fl-34"/>
      </object_component>
      <object_component id="oc-2cb">
         <name>.debug_abbrev</name>
         <load_address>0xe34</load_address>
         <run_address>0xe34</run_address>
         <size>0xc0</size>
         <input_file_ref idref="fl-35"/>
      </object_component>
      <object_component id="oc-28c">
         <name>.debug_abbrev</name>
         <load_address>0xef4</load_address>
         <run_address>0xef4</run_address>
         <size>0x7e</size>
         <input_file_ref idref="fl-35"/>
      </object_component>
      <object_component id="oc-2cf">
         <name>.debug_abbrev</name>
         <load_address>0xf72</load_address>
         <run_address>0xf72</run_address>
         <size>0x24</size>
         <input_file_ref idref="fl-35"/>
      </object_component>
      <object_component id="oc-2db">
         <name>.debug_abbrev</name>
         <load_address>0xf96</load_address>
         <run_address>0xf96</run_address>
         <size>0x24</size>
         <input_file_ref idref="fl-35"/>
      </object_component>
      <object_component id="oc-29a">
         <name>.debug_abbrev</name>
         <load_address>0xfba</load_address>
         <run_address>0xfba</run_address>
         <size>0x24</size>
         <input_file_ref idref="fl-35"/>
      </object_component>
      <object_component id="oc-2d4">
         <name>.debug_abbrev</name>
         <load_address>0xfde</load_address>
         <run_address>0xfde</run_address>
         <size>0x4b</size>
         <input_file_ref idref="fl-35"/>
      </object_component>
      <object_component id="oc-138">
         <name>.debug_abbrev</name>
         <load_address>0x1029</load_address>
         <run_address>0x1029</run_address>
         <size>0x24</size>
         <input_file_ref idref="fl-36"/>
      </object_component>
      <object_component id="oc-1c6">
         <name>.debug_abbrev</name>
         <load_address>0x104d</load_address>
         <run_address>0x104d</run_address>
         <size>0x55</size>
         <input_file_ref idref="fl-39"/>
      </object_component>
      <object_component id="oc-2ca">
         <name>.debug_abbrev</name>
         <load_address>0x10a2</load_address>
         <run_address>0x10a2</run_address>
         <size>0x53</size>
         <input_file_ref idref="fl-3a"/>
      </object_component>
      <object_component id="oc-140">
         <name>.debug_abbrev</name>
         <load_address>0x10f5</load_address>
         <run_address>0x10f5</run_address>
         <size>0x37</size>
         <input_file_ref idref="fl-3b"/>
      </object_component>
      <object_component id="oc-d5">
         <name>.debug_abbrev</name>
         <load_address>0x112c</load_address>
         <run_address>0x112c</run_address>
         <size>0x74</size>
         <input_file_ref idref="fl-3b"/>
      </object_component>
      <object_component id="oc-d8">
         <name>.debug_abbrev</name>
         <load_address>0x11a0</load_address>
         <run_address>0x11a0</run_address>
         <size>0x24</size>
         <input_file_ref idref="fl-3b"/>
      </object_component>
      <object_component id="oc-13d">
         <name>.debug_abbrev</name>
         <load_address>0x11c4</load_address>
         <run_address>0x11c4</run_address>
         <size>0x24</size>
         <input_file_ref idref="fl-3b"/>
      </object_component>
      <object_component id="oc-19f">
         <name>.debug_abbrev</name>
         <load_address>0x11e8</load_address>
         <run_address>0x11e8</run_address>
         <size>0x37</size>
         <input_file_ref idref="fl-3c"/>
      </object_component>
      <object_component id="oc-c4">
         <name>.debug_abbrev</name>
         <load_address>0x121f</load_address>
         <run_address>0x121f</run_address>
         <size>0x7d</size>
         <input_file_ref idref="fl-3c"/>
      </object_component>
      <object_component id="oc-c7">
         <name>.debug_abbrev</name>
         <load_address>0x129c</load_address>
         <run_address>0x129c</run_address>
         <size>0x24</size>
[...]
      </symbol>
      <symbol id="sm-64">
         <name>__TI_CINIT_Limit</name>
         <value>0xc660</value>
      </symbol>
      <symbol id="sm-65">
         <name>__TI_CINIT_Warm</name>
         <value>0xc660</value>
      </symbol>
      <symbol id="sm-66">
         <name>__TI_Handler_Table_Base</name>
         <value>0xc658</value>
      </symbol>
      <symbol id="sm-67">
         <name>__TI_Handler_Table_Limit</name>
         <value>0xc65c</value>
      </symbol>
      <symbol id="sm-68">
         <name>__STACK_SIZE</name>
         <value>0x50</value>
      </symbol>
      <symbol id="sm-69">
         <name>__STACK_END</name>
         <value>0x400</value>
      </symbol>
      <symbol id="sm-6a">
         <name>__c_args__</name>
         <value>0xffffffff</value>
      </symbol>
      <symbol id="sm-6b">
         <name>__TI_pprof_out_hndl</name>
         <value>0xffffffff</value>
      </symbol>
      <symbol id="sm-6c">
         <name>__TI_prof_data_start</name>
         <value>0xffffffff</value>
      </symbol>
      <symbol id="sm-6d">
         <name>__TI_prof_data_size</name>
         <value>0xffffffff</value>
      </symbol>
      <symbol id="sm-b7">
         <name>ADC_init</name>
         <value>0xc530</value>
         <object_component_ref idref="oc-1cd"/>
      </symbol>
      <symbol id="sm-b8">
         <name>ADC_Demarrer_conversion</name>
         <value>0xc51a</value>
         <object_component_ref idref="oc-147"/>
      </symbol>
      <symbol id="sm-b9">
         <name>ADC_Lire_resultat</name>
         <value>0xc5e2</value>
         <object_component_ref idref="oc-14d"/>
      </symbol>
      <symbol id="sm-101">
         <name>Aff_Luminosite</name>
         <value>0xc59a</value>
         <object_component_ref idref="oc-254"/>
      </symbol>
      <symbol id="sm-102">
         <name>Init_USI_SPI</name>
         <value>0xc35a</value>
         <object_component_ref idref="oc-247"/>
      </symbol>
      <symbol id="sm-103">
         <name>Aff_Points</name>
         <value>0xc5ac</value>
         <object_component_ref idref="oc-169"/>
      </symbol>
      <symbol id="sm-104">
         <name>Aff_Init</name>
         <value>0xc266</value>
         <object_component_ref idref="oc-1c7"/>
      </symbol>
      <symbol id="sm-105">
         <name>Aff_valeur</name>
         <value>0xc2a6</value>
         <object_component_ref idref="oc-163"/>
      </symbol>
      <symbol id="sm-106">
         <name>convert_Hex_Dec</name>
         <value>0xc0f4</value>
         <object_component_ref idref="oc-15d"/>
      </symbol>
      <symbol id="sm-107">
         <name>Send_char_SPI</name>
         <value>0xc4ea</value>
         <object_component_ref idref="oc-1bd"/>
      </symbol>
      <symbol id="sm-108">
         <name>Aff_4carac</name>
         <value>0xc4ac</value>
         <object_component_ref idref="oc-1b6"/>
      </symbol>
      <symbol id="sm-109">
         <name>Aff_Efface</name>
         <value>0xc5f2</value>
         <object_component_ref idref="oc-24d"/>
      </symbol>
      <symbol id="sm-120">
         <name>config_octo</name>
         <value>0xc438</value>
         <object_component_ref idref="oc-1df"/>
      </symbol>
      <symbol id="sm-121">
         <name>config_register_pwm</name>
         <value>0xc2e4</value>
         <object_component_ref idref="oc-1d3"/>
      </symbol>
      <symbol id="sm-122">
         <name>config_timer0</name>
         <value>0xc502</value>
         <object_component_ref idref="oc-1d9"/>
      </symbol>
      <symbol id="sm-141">
         <name>val_distance2</name>
         <value>0x20c</value>
         <object_component_ref idref="oc-26f"/>
      </symbol>
      <symbol id="sm-142">
         <name>get_event</name>
         <value>0xc322</value>
         <object_component_ref idref="oc-1f4"/>
      </symbol>
      <symbol id="sm-143">
         <name>action_pivoter</name>
         <value>0xc620</value>
         <object_component_ref idref="oc-1e8"/>
      </symbol>
      <symbol id="sm-16f">
         <name>compt_second</name>
         <value>0x204</value>
         <object_component_ref idref="oc-143"/>
      </symbol>
      <symbol id="sm-170">
         <name>__TI_int08</name>
         <value>0xfff0</value>
         <object_component_ref idref="oc-46"/>
      </symbol>
      <symbol id="sm-171">
         <name>__TI_int03</name>
         <value>0xffe6</value>
         <object_component_ref idref="oc-42"/>
      </symbol>
      <symbol id="sm-172">
         <name>compt_front_1</name>
         <value>0x200</value>
         <object_component_ref idref="oc-143"/>
      </symbol>
      <symbol id="sm-173">
         <name>compt_front_2</name>
         <value>0x202</value>
         <object_component_ref idref="oc-143"/>
      </symbol>
      <symbol id="sm-174">
         <name>is_mving</name>
         <value>0x206</value>
         <object_component_ref idref="oc-143"/>
      </symbol>
      <symbol id="sm-175">
         <name>compt_front</name>
         <value>0xc462</value>
         <object_component_ref idref="oc-e1"/>
      </symbol>
      <symbol id="sm-176">
         <name>main</name>
         <value>0xc07c</value>
         <object_component_ref idref="oc-17e"/>
      </symbol>
      <symbol id="sm-177">
         <name>val_distance</name>
         <value>0x208</value>
         <object_component_ref idref="oc-143"/>
      </symbol>
      <symbol id="sm-178">
         <name>ma_fnc_timer</name>
         <value>0xc16a</value>
         <object_component_ref idref="oc-e7"/>
      </symbol>
      <symbol id="sm-179">
         <name>droite</name>
         <value>0x20a</value>
         <object_component_ref idref="oc-143"/>
      </symbol>
      <symbol id="sm-198">
         <name>permille_control</name>
         <value>0xc546</value>
         <object_component_ref idref="oc-268"/>
      </symbol>
      <symbol id="sm-199">
         <name>avancer</name>
         <value>0xc488</value>
         <object_component_ref idref="oc-1ee"/>
      </symbol>
      <symbol id="sm-19a">
         <name>robot_arret</name>
         <value>0xc572</value>
         <object_component_ref idref="oc-2aa"/>
      </symbol>
      <symbol id="sm-19b">
         <name>pivoter_gauche_5fois</name>
         <value>0xc388</value>
         <object_component_ref idref="oc-261"/>
      </symbol>
      <symbol id="sm-1a3">
         <name>__mspabi_srai</name>
         <value>0xc3b4</value>
         <object_component_ref idref="oc-1b1"/>
      </symbol>
      <symbol id="sm-1a4">
         <name>__mspabi_srai_8</name>
         <value>0xc3ce</value>
         <object_component_ref idref="oc-1b1"/>
      </symbol>
      <symbol id="sm-1a5">
         <name>__mspabi_srai_9</name>
         <value>0xc3cc</value>
         <object_component_ref idref="oc-1b1"/>
      </symbol>
      <symbol id="sm-1a6">
         <name>__mspabi_srai_6</name>
         <value>0xc3d2</value>
         <object_component_ref idref="oc-1b1"/>
      </symbol>
      <symbol id="sm-1a7">
         <name>__mspabi_srai_7</name>
         <value>0xc3d0</value>
         <object_component_ref idref="oc-1b1"/>
      </symbol>
      <symbol id="sm-1a8">
         <name>__mspabi_srai_4</name>
         <value>0xc3d6</value>
         <object_component_ref idref="oc-1b1"/>
      </symbol>
      <symbol id="sm-1a9">
         <name>__mspabi_srai_5</name>
         <value>0xc3d4</value>
         <object_component_ref idref="oc-1b1"/>
      </symbol>
      <symbol id="sm-1aa">
         <name>__mspabi_srai_2</name>
         <value>0xc3da</value>
         <object_component_ref idref="oc-1b1"/>
      </symbol>
      <symbol id="sm-1ab">
         <name>__mspabi_srai_3</name>
         <value>0xc3d8</value>
         <object_component_ref idref="oc-1b1"/>
      </symbol>
      <symbol id="sm-1ac">
         <name>__mspabi_srai_1</name>
         <value>0xc3dc</value>
         <object_component_ref idref="oc-1b1"/>
      </symbol>
      <symbol id="sm-1ad">
         <name>__mspabi_srai_15</name>
         <value>0xc3c0</value>
         <object_component_ref idref="oc-1b1"/>
      </symbol>
      <symbol id="sm-1ae">
         <name>__mspabi_srai_14</name>
         <value>0xc3c2</value>
         <object_component_ref idref="oc-1b1"/>
      </symbol>
      <symbol id="sm-1af">
         <name>__mspabi_srai_13</name>
         <value>0xc3c4</value>
         <object_component_ref idref="oc-1b1"/>
      </symbol>
      <symbol id="sm-1b0">
         <name>__mspabi_srai_12</name>
         <value>0xc3c6</value>
         <object_component_ref idref="oc-1b1"/>
      </symbol>
      <symbol id="sm-1b1">
         <name>__mspabi_srai_11</name>
         <value>0xc3c8</value>
         <object_component_ref idref="oc-1b1"/>
      </symbol>
      <symbol id="sm-1b2">
         <name>__mspabi_srai_10</name>
         <value>0xc3ca</value>
         <object_component_ref idref="oc-1b1"/>
      </symbol>
      <symbol id="sm-1be">
         <name>__mspabi_remi</name>
         <value>0xc3e0</value>
         <object_component_ref idref="oc-158"/>
      </symbol>
      <symbol id="sm-1bf">
         <name>__mspabi_divi</name>
         <value>0xc3e0</value>
         <object_component_ref idref="oc-158"/>
      </symbol>
      <symbol id="sm-1c9">
         <name>__mspabi_remu</name>
         <value>0xc55c</value>
         <object_component_ref idref="oc-1a9"/>
      </symbol>
      <symbol id="sm-1ca">
         <name>__mspabi_divu</name>
         <value>0xc55c</value>
         <object_component_ref idref="oc-1a9"/>
      </symbol>
      <symbol id="sm-1cd">
         <name>__TI_int00</name>
         <value>0xffe0</value>
         <object_component_ref idref="oc-40"/>
      </symbol>
      <symbol id="sm-1d0">
         <name>__TI_int02</name>
         <value>0xffe4</value>
         <object_component_ref idref="oc-41"/>
      </symbol>
      <symbol id="sm-1d3">
         <name>__TI_int05</name>
         <value>0xffea</value>
         <object_component_ref idref="oc-43"/>
      </symbol>
      <symbol id="sm-1d6">
         <name>__TI_int06</name>
         <value>0xffec</value>
         <object_component_ref idref="oc-44"/>
      </symbol>
      <symbol id="sm-1d9">
         <name>__TI_int07</name>
         <value>0xffee</value>
         <object_component_ref idref="oc-45"/>
      </symbol>
      <symbol id="sm-1dc">
         <name>__TI_int09</name>
         <value>0xfff2</value>
         <object_component_ref idref="oc-47"/>
      </symbol>
      <symbol id="sm-1df">
         <name>__TI_int10</name>
         <value>0xfff4</value>
         <object_component_ref idref="oc-48"/>
      </symbol>
      <symbol id="sm-1e2">
         <name>__TI_int11</name>
         <value>0xfff6</value>
         <object_component_ref idref="oc-49"/>
      </symbol>
      <symbol id="sm-1e5">
         <name>__TI_int12</name>
         <value>0xfff8</value>
         <object_component_ref idref="oc-4a"/>
      </symbol>
      <symbol id="sm-1e8">
         <name>__TI_int13</name>
         <value>0xfffa</value>
         <object_component_ref idref="oc-4b"/>
      </symbol>
      <symbol id="sm-1eb">
         <name>__TI_int14</name>
         <value>0xfffc</value>
         <object_component_ref idref="oc-4c"/>
      </symbol>
      <symbol id="sm-1f3">
         <name>__TI_ISR_TRAP</name>
         <value>0xc612</value>
         <object_component_ref idref="oc-dc"/>
      </symbol>
      <symbol id="sm-1fb">
         <name>__mspabi_slli</name>
         <value>0xc40c</value>
         <object_component_ref idref="oc-b5"/>
      </symbol>
      <symbol id="sm-1fc">
         <name>__mspabi_slli_9</name>
         <value>0xc424</value>
         <object_component_ref idref="oc-b5"/>
      </symbol>
      <symbol id="sm-1fd">
         <name>__mspabi_slli_8</name>
         <value>0xc426</value>
         <object_component_ref idref="oc-b5"/>
      </symbol>
      <symbol id="sm-1fe">
         <name>__mspabi_slli_7</name>
         <value>0xc428</value>
         <object_component_ref idref="oc-b5"/>
      </symbol>
      <symbol id="sm-1ff">
         <name>__mspabi_slli_6</name>
         <value>0xc42a</value>
         <object_component_ref idref="oc-b5"/>
      </symbol>
      <symbol id="sm-200">
         <name>__mspabi_slli_5</name>
         <value>0xc42c</value>
         <object_component_ref idref="oc-b5"/>
      </symbol>
      <symbol id="sm-201">
         <name>__mspabi_slli_4</name>
         <value>0xc42e</value>
         <object_component_ref idref="oc-b5"/>
      </symbol>
      <symbol id="sm-202">
         <name>__mspabi_slli_3</name>
         <value>0xc430</value>
         <object_component_ref idref="oc-b5"/>
      </symbol>
      <symbol id="sm-203">
         <name>__mspabi_slli_2</name>
         <value>0xc432</value>
         <object_component_ref idref="oc-b5"/>
      </symbol>
      <symbol id="sm-204">
         <name>__mspabi_slli_1</name>
         <value>0xc434</value>
         <object_component_ref idref="oc-b5"/>
      </symbol>
      <symbol id="sm-205">
         <name>__mspabi_slli_15</name>
         <value>0xc418</value>
         <object_component_ref idref="oc-b5"/>
      </symbol>
      <symbol id="sm-206">
         <name>__mspabi_slli_14</name>
         <value>0xc41a</value>
         <object_component_ref idref="oc-b5"/>
      </symbol>
      <symbol id="sm-207">
         <name>__mspabi_slli_13</name>
         <value>0xc41c</value>
         <object_component_ref idref="oc-b5"/>
      </symbol>
      <symbol id="sm-208">
         <name>__mspabi_slli_12</name>
         <value>0xc41e</value>
         <object_component_ref idref="oc-b5"/>
      </symbol>
      <symbol id="sm-209">
         <name>__mspabi_slli_11</name>
         <value>0xc420</value>
         <object_component_ref idref="oc-b5"/>
      </symbol>
      <symbol id="sm-20a">
         <name>__mspabi_slli_10</name>
         <value>0xc422</value>
         <object_component_ref idref="oc-b5"/>
      </symbol>
      <symbol id="sm-212">
         <name>__mspabi_srli_8</name>
         <value>0xc202</value>
         <object_component_ref idref="oc-ba"/>
      </symbol>
      <symbol id="sm-213">
         <name>__mspabi_srli_9</name>
         <value>0xc1fe</value>
         <object_component_ref idref="oc-ba"/>
      </symbol>
      <symbol id="sm-214">
         <name>__mspabi_srli_6</name>
         <value>0xc20a</value>
         <object_component_ref idref="oc-ba"/>
      </symbol>
      <symbol id="sm-215">
         <name>__mspabi_srli_7</name>
         <value>0xc206</value>
         <object_component_ref idref="oc-ba"/>
      </symbol>
      <symbol id="sm-216">
         <name>__mspabi_srli_4</name>
         <value>0xc212</value>
         <object_component_ref idref="oc-ba"/>
      </symbol>
      <symbol id="sm-217">
         <name>__mspabi_srli_5</name>
         <value>0xc20e</value>
         <object_component_ref idref="oc-ba"/>
      </symbol>
      <symbol id="sm-218">
         <name>__mspabi_srli_2</name>
         <value>0xc21a</value>
         <object_component_ref idref="oc-ba"/>
      </symbol>
      <symbol id="sm-219">
         <name>__mspabi_srli_3</name>
         <value>0xc216</value>
         <object_component_ref idref="oc-ba"/>
      </symbol>
      <symbol id="sm-21a">
         <name>__mspabi_srli_1</name>
         <value>0xc21e</value>
         <object_component_ref idref="oc-ba"/>
      </symbol>
      <symbol id="sm-21b">
         <name>__mspabi_srli</name>
         <value>0xc1d8</value>
         <object_component_ref idref="oc-ba"/>
      </symbol>
      <symbol id="sm-21c">
         <name>__mspabi_srli_15</name>
         <value>0xc1e6</value>
         <object_component_ref idref="oc-ba"/>
      </symbol>
      <symbol id="sm-21d">
         <name>__mspabi_srli_14</name>
         <value>0xc1ea</value>
         <object_component_ref idref="oc-ba"/>
      </symbol>
      <symbol id="sm-21e">
         <name>__mspabi_srli_13</name>
         <value>0xc1ee</value>
         <object_component_ref idref="oc-ba"/>
      </symbol>
      <symbol id="sm-21f">
         <name>__mspabi_srli_12</name>
         <value>0xc1f2</value>
         <object_component_ref idref="oc-ba"/>
      </symbol>
      <symbol id="sm-220">
         <name>__mspabi_srli_11</name>
         <value>0xc1f6</value>
         <object_component_ref idref="oc-ba"/>
      </symbol>
      <symbol id="sm-221">
         <name>__mspabi_srli_10</name>
         <value>0xc1fa</value>
         <object_component_ref idref="oc-ba"/>
      </symbol>
      <symbol id="sm-22b">
         <name>__mspabi_mpyi_sw</name>
         <value>0xc586</value>
         <object_component_ref idref="oc-153"/>
      </symbol>
      <symbol id="sm-22c">
         <name>__mspabi_mpyi</name>
         <value>0xc586</value>
         <object_component_ref idref="oc-153"/>
      </symbol>
      <symbol id="sm-23c">
         <name>_stack</name>
         <value>0x3b0</value>
         <object_component_ref idref="oc-b1"/>
      </symbol>
      <symbol id="sm-23d">
         <name>_c_int00_noargs</name>
         <value>0xc4ce</value>
         <object_component_ref idref="oc-ff"/>
      </symbol>
      <symbol id="sm-23e">
         <name>_reset_vector</name>
         <value>0xfffe</value>
         <object_component_ref idref="oc-b4"/>
      </symbol>
      <symbol id="sm-260">
         <name>__TI_auto_init_nobinit_nopinit</name>
         <value>0xc224</value>
         <object_component_ref idref="oc-20c"/>
      </symbol>
      <symbol id="sm-271">
         <name>_system_pre_init</name>
         <value>0xc626</value>
         <object_component_ref idref="oc-178"/>
      </symbol>
      <symbol id="sm-27a">
         <name>_system_post_cinit</name>
         <value>0xc62a</value>
         <object_component_ref idref="oc-286"/>
      </symbol>
      <symbol id="sm-290">
         <name>__TI_decompress_none</name>
         <value>0xc5be</value>
         <object_component_ref idref="oc-3a"/>
      </symbol>
      <symbol id="sm-2b3">
         <name>__TI_decompress_lzss</name>
         <value>0xc000</value>
         <object_component_ref idref="oc-34"/>
      </symbol>
      <symbol id="sm-2bd">
         <name>C$$EXIT</name>
         <value>0xc61a</value>
         <object_component_ref idref="oc-200"/>
      </symbol>
      <symbol id="sm-2be">
         <name>abort</name>
         <value>0xc61a</value>
         <object_component_ref idref="oc-200"/>
      </symbol>
      <symbol id="sm-2ce">
         <name>memcpy</name>
         <value>0xc5d0</value>
         <object_component_ref idref="oc-cf"/>
      </symbol>
      <symbol id="sm-2d7">
         <name>__mspabi_func_epilog_2</name>
         <value>0xc60c</value>
         <object_component_ref idref="oc-bf"/>
      </symbol>
      <symbol id="sm-2d8">
         <name>__mspabi_func_epilog_3</name>
         <value>0xc60a</value>
         <object_component_ref idref="oc-bf"/>
      </symbol>
      <symbol id="sm-2d9">
         <name>__mspabi_func_epilog_1</name>
         <value>0xc60e</value>
         <object_component_ref idref="oc-bf"/>
      </symbol>
      <symbol id="sm-2da">
         <name>__mspabi_func_epilog_6</name>
         <value>0xc604</value>
         <object_component_ref idref="oc-bf"/>
      </symbol>
      <symbol id="sm-2db">
         <name>__mspabi_func_epilog_7</name>
         <value>0xc602</value>
         <object_component_ref idref="oc-bf"/>
      </symbol>
      <symbol id="sm-2dc">
         <name>__mspabi_func_epilog_4</name>
         <value>0xc608</value>
         <object_component_ref idref="oc-bf"/>
      </symbol>
      <symbol id="sm-2dd">
         <name>__mspabi_func_epilog_5</name>
         <value>0xc606</value>
         <object_component_ref idref="oc-bf"/>
      </symbol>
      <symbol id="sm-2e1">
         <name>action_avancer</name>
         <value>0xc488</value>
      </symbol>
      <symbol id="sm-2e2">
         <name>action_arret</name>
         <value>0xc572</value>
      </symbol>
   </symbol_table>
   <title>Link successful</title>
</link_info>
