******************************************************************************
                  MSP430 Linker PC v21.6.1                     
******************************************************************************
>> Linked Thu Sep 24 19:18:17 2026

OUTPUT FILE NAME:   <BlinkLED_MSP-EXP430G2ET.out>
ENTRY POINT SYMBOL: "_c_int00_noargs"  address: 0000c64e


MEMORY CONFIGURATION

         name            origin    length      used     unused   attr    fill
----------------------  --------  ---------  --------  --------  ----  --------
  SFR                   00000000   00000010  00000000  00000010  RWIX
  PERIPHERALS_8BIT      00000010   000000f0  00000000  000000f0  RWIX
  PERIPHERALS_16BIT     00000100   00000100  00000000  00000100  RWIX
  RAM                   00000200   00000200  0000005e  000001a2  RWIX
  INFOD                 00001000   00000040  00000000  00000040  RWIX
  INFOC                 00001040   00000040  00000000  00000040  RWIX
  INFOB                 00001080   00000040  00000000  00000040  RWIX
  INFOA                 000010c0   00000040  00000000  00000040  RWIX
  FLASH                 0000c000   00003fde  00000826  000037b8  RWIX
  BSLSIGNATURE          0000ffde   00000002  00000002  00000000  RWIX  ffff 
  INT00                 0000ffe0   00000002  00000002  00000000  RWIX
  INT01                 0000ffe2   00000002  00000000  00000002  RWIX
  INT02                 0000ffe4   00000002  00000002  00000000  RWIX
  INT03                 0000ffe6   00000002  00000002  00000000  RWIX
  INT04                 0000ffe8   00000002  00000000  00000002  RWIX
  INT05                 0000ffea   00000002  00000002  00000000  RWIX
  INT06                 0000ffec   00000002  00000002  00000000  RWIX
  INT07                 0000ffee   00000002  00000002  00000000  RWIX
  INT08                 0000fff0   00000002  00000002  00000000  RWIX
  INT09                 0000fff2   00000002  00000002  00000000  RWIX
  INT10                 0000fff4   00000002  00000002  00000000  RWIX
  INT11                 0000fff6   00000002  00000002  00000000  RWIX
  INT12                 0000fff8   00000002  00000002  00000000  RWIX
  INT13                 0000fffa   00000002  00000002  00000000  RWIX
  INT14                 0000fffc   00000002  00000002  00000000  RWIX
  RESET                 0000fffe   00000002  00000002  00000000  RWIX


SECTION ALLOCATION MAP

 output                                  attributes/
section   page    origin      length       input sections
--------  ----  ----------  ----------   ----------------
.data      0    00000200    0000000e     UNINITIALIZED
                  00000200    0000000c     main.obj (.data)
                  0000020c    00000002     machine_etat.obj (.data)

.stack     0    000003b0    00000050     UNINITIALIZED
                  000003b0    00000002     rts430_eabi.lib : boot.c.obj (.stack)
                  000003b2    0000004e     --HOLE--

.text      0    0000c000    000007e2     
                  0000c000    000000b8     main.obj (.text:main)
                  0000c0b8    0000007c     rts430_eabi.lib : copy_decompress_lzss.c.obj (.text:decompress:lzss:__TI_decompress_lzss)
                  0000c134    00000076     Afficheur.obj (.text:convert_Hex_Dec)
                  0000c1aa    00000076     main.obj (.text:ma_fnc_timer)
                  0000c220    0000004c     rts430_eabi.lib : lsr16.asm.obj (.text)
                  0000c26c    00000048     mouv_function.obj (.text:avancer2)
                  0000c2b4    00000048     mouv_function.obj (.text:tour_360)
                  0000c2fc    00000044     mouv_function.obj (.text:avancer1)
                  0000c340    00000044     mouv_function.obj (.text:tour_180)
                  0000c384    00000042     rts430_eabi.lib : autoinit.c.obj (.text:__TI_auto_init_nobinit_nopinit:__TI_auto_init_nobinit_nopinit)
                  0000c3c6    00000040     Afficheur.obj (.text:Aff_Init)
                  0000c406    0000003e     Afficheur.obj (.text:Aff_valeur)
                  0000c444    0000003e     config.obj (.text:config_register_pwm)
                  0000c482    0000003a     machine_etat.obj (.text:get_event)
                  0000c4bc    0000002e     Afficheur.obj (.text:Init_USI_SPI)
                  0000c4ea    0000002c     rts430_eabi.lib : asr16.asm.obj (.text)
                  0000c516    0000002c                     : div16s.asm.obj (.text)
                  0000c542    0000002c                     : lsl16.asm.obj (.text)
                  0000c56e    0000002a     config.obj (.text:config_octo)
                  0000c598    00000026     machine_etat.obj (.text:action_action_1)
                  0000c5be    00000026     main.obj (.text:compt_front)
                  0000c5e4    00000024     mouv_function.obj (.text:avancer)
                  0000c608    00000024     mouv_function.obj (.text:reculer)
                  0000c62c    00000022     Afficheur.obj (.text:Aff_4carac)
                  0000c64e    0000001c     rts430_eabi.lib : boot.c.obj (.text:_c_int00_noargs)
                  0000c66a    0000001c     mouv_function.obj (.text:pivoter_droite)
                  0000c686    00000018     Afficheur.obj (.text:Send_char_SPI)
                  0000c69e    00000018     config.obj (.text:config_timer0)
                  0000c6b6    00000016     ADC.obj (.text:ADC_Demarrer_conversion)
                  0000c6cc    00000016     ADC.obj (.text:ADC_init)
                  0000c6e2    00000016     mouv_function.obj (.text:percent_control)
                  0000c6f8    00000016     rts430_eabi.lib : div16u.asm.obj (.text)
                  0000c70e    00000014                     : mult16.asm.obj (.text)
                  0000c722    00000012     Afficheur.obj (.text:Aff_Luminosite)
                  0000c734    00000012     Afficheur.obj (.text:Aff_Points)
                  0000c746    00000012     machine_etat.obj (.text:action_action_5)
                  0000c758    00000012     rts430_eabi.lib : copy_decompress_none.c.obj (.text:decompress:none:__TI_decompress_none)
                  0000c76a    00000012                     : memcpy.c.obj (.text:memcpy)
                  0000c77c    00000010     ADC.obj (.text:ADC_Lire_resultat)
                  0000c78c    00000010     Afficheur.obj (.text:Aff_Efface)
                  0000c79c    00000010     rts430_eabi.lib : epilog.asm.obj (.text)
                  0000c7ac    0000000e     main.obj (.text:stop_danse)
                  0000c7ba    0000000a     machine_etat.obj (.text:action_action_4)
                  0000c7c4    0000000a     mouv_function.obj (.text:robot_arret)
                  0000c7ce    00000008     rts430_eabi.lib : isr_trap.asm.obj (.text:_isr:__TI_ISR_TRAP)
                  0000c7d6    00000006                     : exit.c.obj (.text:abort)
                  0000c7dc    00000004                     : pre_init.c.obj (.text:_system_pre_init)
                  0000c7e0    00000002                     : startup.c.obj (.text:_system_post_cinit)

.const     0    0000c7e2    0000002e     
                  0000c7e2    00000028     main.obj (.const:$P$T0$1)
                  0000c80a    00000006     Afficheur.obj (.const:.string)

.cinit     0    0000c810    00000016     
                  0000c810    0000000d     (.cinit..data.load) [load image, compression = lzss]
                  0000c81d    00000001     --HOLE-- [fill = 0]
                  0000c81e    00000004     (__TI_handler_table)
                  0000c822    00000004     (__TI_cinit_table)

.binit     0    0000c000    00000000     

.init_array 
*          0    0000c000    00000000     UNINITIALIZED

TRAPINT    0    0000ffe0    00000002     
                  0000ffe0    00000002     rts430_eabi.lib : int00.asm.obj (.int00)

PORT1      0    0000ffe4    00000002     
                  0000ffe4    00000002     rts430_eabi.lib : int02.asm.obj (.int02)

PORT2      0    0000ffe6    00000002     
                  0000ffe6    00000002     main.obj (.int03)

ADC10      0    0000ffea    00000002     
                  0000ffea    00000002     rts430_eabi.lib : int05.asm.obj (.int05)

USCIAB0TX 
*          0    0000ffec    00000002     
                  0000ffec    00000002     rts430_eabi.lib : int06.asm.obj (.int06)

USCIAB0RX 
*          0    0000ffee    00000002     
                  0000ffee    00000002     rts430_eabi.lib : int07.asm.obj (.int07)

TIMER0_A1 
*          0    0000fff0    00000002     
                  0000fff0    00000002     main.obj (.int08)

TIMER0_A0 
*          0    0000fff2    00000002     
                  0000fff2    00000002     rts430_eabi.lib : int09.asm.obj (.int09)

WDT        0    0000fff4    00000002     
                  0000fff4    00000002     rts430_eabi.lib : int10.asm.obj (.int10)

COMPARATORA 
*          0    0000fff6    00000002     
                  0000fff6    00000002     rts430_eabi.lib : int11.asm.obj (.int11)

TIMER1_A1 
*          0    0000fff8    00000002     
                  0000fff8    00000002     rts430_eabi.lib : int12.asm.obj (.int12)

TIMER1_A0 
*          0    0000fffa    00000002     
                  0000fffa    00000002     rts430_eabi.lib : int13.asm.obj (.int13)

NMI        0    0000fffc    00000002     
                  0000fffc    00000002     rts430_eabi.lib : int14.asm.obj (.int14)

.reset     0    0000fffe    00000002     
                  0000fffe    00000002     rts430_eabi.lib : boot.c.obj (.reset)

$fill000   0    0000ffde    00000002     
                  0000ffde    00000002     --HOLE-- [fill = ffff]

MODULE SUMMARY

       Module                       code   ro data   rw data
       ------                       ----   -------   -------
    .\
       mouv_function.obj            412    0         0      
       main.obj                     354    44        12     
       Afficheur.obj                400    6         0      
       config.obj                   128    0         0      
       machine_etat.obj             124    0         2      
       ADC.obj                      60     0         0      
    +--+----------------------------+------+---------+---------+
       Total:                       1478   50        14     
                                                            
    C:\ti\ccs2020\ccs\tools\compiler\ti-cgt-msp430_21.6.1.LTS\lib\rts430_eabi.lib
       copy_decompress_lzss.c.obj   124    0         0      
       lsr16.asm.obj                76     0         0      
       autoinit.c.obj               66     0         0      
       asr16.asm.obj                44     0         0      
       div16s.asm.obj               44     0         0      
       lsl16.asm.obj                44     0         0      
       boot.c.obj                   28     2         0      
       div16u.asm.obj               22     0         0      
       mult16.asm.obj               20     0         0      
       copy_decompress_none.c.obj   18     0         0      
       memcpy.c.obj                 18     0         0      
       epilog.asm.obj               16     0         0      
       isr_trap.asm.obj             8      0         0      
       exit.c.obj                   6      0         0      
       pre_init.c.obj               4      0         0      
       int00.asm.obj                0      2         0      
       int02.asm.obj                0      2         0      
       int05.asm.obj                0      2         0      
       int06.asm.obj                0      2         0      
       int07.asm.obj                0      2         0      
       int09.asm.obj                0      2         0      
       int10.asm.obj                0      2         0      
       int11.asm.obj                0      2         0      
       int12.asm.obj                0      2         0      
       int13.asm.obj                0      2         0      
       int14.asm.obj                0      2         0      
       startup.c.obj                2      0         0      
    +--+----------------------------+------+---------+---------+
       Total:                       540    24        0      
                                                            
       Stack:                       0      0         80     
       Linker Generated:            0      21        0      
    +--+----------------------------+------+---------+---------+
       Grand Total:                 2018   95        94     


LINKER GENERATED COPY TABLES

__TI_cinit_table @ 0000c822 records: 1, size/record: 4, table size: 4
	.data: load addr=0000c810, load size=0000000d bytes, run addr=00000200, run size=0000000e bytes, compression=lzss


LINKER GENERATED HANDLER TABLE

__TI_handler_table @ 0000c81e records: 2, size/record: 2, table size: 4
	index: 0, handler: __TI_decompress_lzss
	index: 1, handler: __TI_decompress_none


GLOBAL SYMBOLS: SORTED ALPHABETICALLY BY Name 

address   name                          
-------   ----                          
0000004a  ADC10AE0                      
000001b0  ADC10CTL0                     
000001b2  ADC10CTL1                     
00000048  ADC10DTC0                     
00000049  ADC10DTC1                     
000001b4  ADC10MEM                      
000001bc  ADC10SA                       
0000c6b6  ADC_Demarrer_conversion       
0000c77c  ADC_Lire_resultat             
0000c6cc  ADC_init                      
0000c62c  Aff_4carac                    
0000c78c  Aff_Efface                    
0000c3c6  Aff_Init                      
0000c722  Aff_Luminosite                
0000c734  Aff_Points                    
0000c406  Aff_valeur                    
00000057  BCSCTL1                       
00000058  BCSCTL2                       
00000053  BCSCTL3                       
0000c7d6  C$$EXIT                       
00000059  CACTL1                        
0000005a  CACTL2                        
000010fb  CALBC1_12MHZ                  
000010f9  CALBC1_16MHZ                  
000010ff  CALBC1_1MHZ                   
000010fd  CALBC1_8MHZ                   
000010fa  CALDCO_12MHZ                  
000010f8  CALDCO_16MHZ                  
000010fe  CALDCO_1MHZ                   
000010fc  CALDCO_8MHZ                   
0000005b  CAPD                          
00000056  DCOCTL                        
00000128  FCTL1                         
0000012a  FCTL2                         
0000012c  FCTL3                         
00000000  IE1                           
00000001  IE2                           
00000002  IFG1                          
00000003  IFG2                          
0000c4bc  Init_USI_SPI                  
00000022  P1DIR                         
00000025  P1IE                          
00000024  P1IES                         
00000023  P1IFG                         
00000020  P1IN                          
00000021  P1OUT                         
00000027  P1REN                         
00000026  P1SEL                         
00000041  P1SEL2                        
0000002a  P2DIR                         
0000002d  P2IE                          
0000002c  P2IES                         
0000002b  P2IFG                         
00000028  P2IN                          
00000029  P2OUT                         
0000002f  P2REN                         
0000002e  P2SEL                         
00000042  P2SEL2                        
0000001a  P3DIR                         
00000018  P3IN                          
00000019  P3OUT                         
00000010  P3REN                         
0000001b  P3SEL                         
00000043  P3SEL2                        
0000c686  Send_char_SPI                 
00000172  TA0CCR0                       
00000174  TA0CCR1                       
00000176  TA0CCR2                       
00000162  TA0CCTL0                      
00000164  TA0CCTL1                      
00000166  TA0CCTL2                      
00000160  TA0CTL                        
0000012e  TA0IV                         
00000170  TA0R                          
00000192  TA1CCR0                       
00000194  TA1CCR1                       
00000196  TA1CCR2                       
00000182  TA1CCTL0                      
00000184  TA1CCTL1                      
00000186  TA1CCTL2                      
00000180  TA1CTL                        
0000011e  TA1IV                         
00000190  TA1R                          
000010db  TLV_ADC10_1_LEN               
000010da  TLV_ADC10_1_TAG               
000010c0  TLV_CHECKSUM                  
000010f7  TLV_DCO_30_LEN                
000010f6  TLV_DCO_30_TAG                
0000005d  UCA0ABCTL                     
00000062  UCA0BR0                       
00000063  UCA0BR1                       
00000060  UCA0CTL0                      
00000061  UCA0CTL1                      
0000005f  UCA0IRRCTL                    
0000005e  UCA0IRTCTL                    
00000064  UCA0MCTL                      
00000066  UCA0RXBUF                     
00000065  UCA0STAT                      
00000067  UCA0TXBUF                     
0000006a  UCB0BR0                       
0000006b  UCB0BR1                       
00000068  UCB0CTL0                      
00000069  UCB0CTL1                      
0000006c  UCB0I2CIE                     
00000118  UCB0I2COA                     
0000011a  UCB0I2CSA                     
0000006e  UCB0RXBUF                     
0000006d  UCB0STAT                      
0000006f  UCB0TXBUF                     
00000120  WDTCTL                        
00000400  __STACK_END                   
00000050  __STACK_SIZE                  
0000c822  __TI_CINIT_Base               
0000c826  __TI_CINIT_Limit              
0000c826  __TI_CINIT_Warm               
0000c81e  __TI_Handler_Table_Base       
0000c822  __TI_Handler_Table_Limit      
0000c7ce  __TI_ISR_TRAP                 
0000c384  __TI_auto_init_nobinit_nopinit
0000c0b8  __TI_decompress_lzss          
0000c758  __TI_decompress_none          
0000ffe0  __TI_int00                    
0000ffe4  __TI_int02                    
0000ffe6  __TI_int03                    
0000ffea  __TI_int05                    
0000ffec  __TI_int06                    
0000ffee  __TI_int07                    
0000fff0  __TI_int08                    
0000fff2  __TI_int09                    
0000fff4  __TI_int10                    
0000fff6  __TI_int11                    
0000fff8  __TI_int12                    
0000fffa  __TI_int13                    
0000fffc  __TI_int14                    
ffffffff  __TI_pprof_out_hndl           
ffffffff  __TI_prof_data_size           
ffffffff  __TI_prof_data_start          
ffffffff  __c_args__                    
0000c516  __mspabi_divi                 
0000c6f8  __mspabi_divu                 
0000c7a8  __mspabi_func_epilog_1        
0000c7a6  __mspabi_func_epilog_2        
0000c7a4  __mspabi_func_epilog_3        
0000c7a2  __mspabi_func_epilog_4        
0000c7a0  __mspabi_func_epilog_5        
0000c79e  __mspabi_func_epilog_6        
0000c79c  __mspabi_func_epilog_7        
0000c70e  __mspabi_mpyi                 
0000c70e  __mspabi_mpyi_sw              
0000c516  __mspabi_remi                 
0000c6f8  __mspabi_remu                 
0000c542  __mspabi_slli                 
0000c56a  __mspabi_slli_1               
0000c558  __mspabi_slli_10              
0000c556  __mspabi_slli_11              
0000c554  __mspabi_slli_12              
0000c552  __mspabi_slli_13              
0000c550  __mspabi_slli_14              
0000c54e  __mspabi_slli_15              
0000c568  __mspabi_slli_2               
0000c566  __mspabi_slli_3               
0000c564  __mspabi_slli_4               
0000c562  __mspabi_slli_5               
0000c560  __mspabi_slli_6               
0000c55e  __mspabi_slli_7               
0000c55c  __mspabi_slli_8               
0000c55a  __mspabi_slli_9               
0000c4ea  __mspabi_srai                 
0000c512  __mspabi_srai_1               
0000c500  __mspabi_srai_10              
0000c4fe  __mspabi_srai_11              
0000c4fc  __mspabi_srai_12              
0000c4fa  __mspabi_srai_13              
0000c4f8  __mspabi_srai_14              
0000c4f6  __mspabi_srai_15              
0000c510  __mspabi_srai_2               
0000c50e  __mspabi_srai_3               
0000c50c  __mspabi_srai_4               
0000c50a  __mspabi_srai_5               
0000c508  __mspabi_srai_6               
0000c506  __mspabi_srai_7               
0000c504  __mspabi_srai_8               
0000c502  __mspabi_srai_9               
0000c220  __mspabi_srli                 
0000c266  __mspabi_srli_1               
0000c242  __mspabi_srli_10              
0000c23e  __mspabi_srli_11              
0000c23a  __mspabi_srli_12              
0000c236  __mspabi_srli_13              
0000c232  __mspabi_srli_14              
0000c22e  __mspabi_srli_15              
0000c262  __mspabi_srli_2               
0000c25e  __mspabi_srli_3               
0000c25a  __mspabi_srli_4               
0000c256  __mspabi_srli_5               
0000c252  __mspabi_srli_6               
0000c24e  __mspabi_srli_7               
0000c24a  __mspabi_srli_8               
0000c246  __mspabi_srli_9               
0000c64e  _c_int00_noargs               
0000fffe  _reset_vector                 
000003b0  _stack                        
0000c7e0  _system_post_cinit            
0000c7dc  _system_pre_init              
0000c7d6  abort                         
0000c598  action_action_1               
0000c2fc  action_action_2               
0000c26c  action_action_3               
0000c7ba  action_action_4               
0000c746  action_action_5               
0000c340  action_tourne                 
0000c5e4  avancer                       
0000c2fc  avancer1                      
0000c26c  avancer2                      
0000c5be  compt_front                   
00000200  compt_front_1                 
00000202  compt_front_2                 
00000204  compt_second                  
0000c56e  config_octo                   
0000c444  config_register_pwm           
0000c69e  config_timer0                 
0000c134  convert_Hex_Dec               
0000020a  droite                        
0000c482  get_event                     
00000206  is_mving                      
0000c1aa  ma_fnc_timer                  
0000c000  main                          
0000c76a  memcpy                        
0000c6e2  percent_control               
0000c66a  pivoter_droite                
0000c608  reculer                       
0000c7c4  robot_arret                   
0000c7ac  stop_danse                    
0000c340  tour_180                      
0000c2b4  tour_360                      
00000208  val_distance                  
0000020c  val_distance2                 


GLOBAL SYMBOLS: SORTED BY Symbol Address 

address   name                          
-------   ----                          
00000000  IE1                           
00000001  IE2                           
00000002  IFG1                          
00000003  IFG2                          
00000010  P3REN                         
00000018  P3IN                          
00000019  P3OUT                         
0000001a  P3DIR                         
0000001b  P3SEL                         
00000020  P1IN                          
00000021  P1OUT                         
00000022  P1DIR                         
00000023  P1IFG                         
00000024  P1IES                         
00000025  P1IE                          
00000026  P1SEL                         
00000027  P1REN                         
00000028  P2IN                          
00000029  P2OUT                         
0000002a  P2DIR                         
0000002b  P2IFG                         
0000002c  P2IES                         
0000002d  P2IE                          
0000002e  P2SEL                         
0000002f  P2REN                         
00000041  P1SEL2                        
00000042  P2SEL2                        
00000043  P3SEL2                        
00000048  ADC10DTC0                     
00000049  ADC10DTC1                     
0000004a  ADC10AE0                      
00000050  __STACK_SIZE                  
00000053  BCSCTL3                       
00000056  DCOCTL                        
00000057  BCSCTL1                       
00000058  BCSCTL2                       
00000059  CACTL1                        
0000005a  CACTL2                        
0000005b  CAPD                          
0000005d  UCA0ABCTL                     
0000005e  UCA0IRTCTL                    
0000005f  UCA0IRRCTL                    
00000060  UCA0CTL0                      
00000061  UCA0CTL1                      
00000062  UCA0BR0                       
00000063  UCA0BR1                       
00000064  UCA0MCTL                      
00000065  UCA0STAT                      
00000066  UCA0RXBUF                     
00000067  UCA0TXBUF                     
00000068  UCB0CTL0                      
00000069  UCB0CTL1                      
0000006a  UCB0BR0                       
0000006b  UCB0BR1                       
0000006c  UCB0I2CIE                     
0000006d  UCB0STAT                      
0000006e  UCB0RXBUF                     
0000006f  UCB0TXBUF                     
00000118  UCB0I2COA                     
0000011a  UCB0I2CSA                     
0000011e  TA1IV                         
00000120  WDTCTL                        
00000128  FCTL1                         
0000012a  FCTL2                         
0000012c  FCTL3                         
0000012e  TA0IV                         
00000160  TA0CTL                        
00000162  TA0CCTL0                      
00000164  TA0CCTL1                      
00000166  TA0CCTL2                      
00000170  TA0R                          
00000172  TA0CCR0                       
00000174  TA0CCR1                       
00000176  TA0CCR2                       
00000180  TA1CTL                        
00000182  TA1CCTL0                      
00000184  TA1CCTL1                      
00000186  TA1CCTL2                      
00000190  TA1R                          
00000192  TA1CCR0                       
00000194  TA1CCR1                       
00000196  TA1CCR2                       
000001b0  ADC10CTL0                     
000001b2  ADC10CTL1                     
000001b4  ADC10MEM                      
000001bc  ADC10SA                       
00000200  compt_front_1                 
00000202  compt_front_2                 
00000204  compt_second                  
00000206  is_mving                      
00000208  val_distance                  
0000020a  droite                        
0000020c  val_distance2                 
000003b0  _stack                        
00000400  __STACK_END                   
000010c0  TLV_CHECKSUM                  
000010da  TLV_ADC10_1_TAG               
000010db  TLV_ADC10_1_LEN               
000010f6  TLV_DCO_30_TAG                
000010f7  TLV_DCO_30_LEN                
000010f8  CALDCO_16MHZ                  
000010f9  CALBC1_16MHZ                  
000010fa  CALDCO_12MHZ                  
000010fb  CALBC1_12MHZ                  
000010fc  CALDCO_8MHZ                   
000010fd  CALBC1_8MHZ                   
000010fe  CALDCO_1MHZ                   
000010ff  CALBC1_1MHZ                   
0000c000  main                          
0000c0b8  __TI_decompress_lzss          
0000c134  convert_Hex_Dec               
0000c1aa  ma_fnc_timer                  
0000c220  __mspabi_srli                 
0000c22e  __mspabi_srli_15              
0000c232  __mspabi_srli_14              
0000c236  __mspabi_srli_13              
0000c23a  __mspabi_srli_12              
0000c23e  __mspabi_srli_11              
0000c242  __mspabi_srli_10              
0000c246  __mspabi_srli_9               
0000c24a  __mspabi_srli_8               
0000c24e  __mspabi_srli_7               
0000c252  __mspabi_srli_6               
0000c256  __mspabi_srli_5               
0000c25a  __mspabi_srli_4               
0000c25e  __mspabi_srli_3               
0000c262  __mspabi_srli_2               
0000c266  __mspabi_srli_1               
0000c26c  action_action_3               
0000c26c  avancer2                      
0000c2b4  tour_360                      
0000c2fc  action_action_2               
0000c2fc  avancer1                      
0000c340  action_tourne                 
0000c340  tour_180                      
0000c384  __TI_auto_init_nobinit_nopinit
0000c3c6  Aff_Init                      
0000c406  Aff_valeur                    
0000c444  config_register_pwm           
0000c482  get_event                     
0000c4bc  Init_USI_SPI                  
0000c4ea  __mspabi_srai                 
0000c4f6  __mspabi_srai_15              
0000c4f8  __mspabi_srai_14              
0000c4fa  __mspabi_srai_13              
0000c4fc  __mspabi_srai_12              
0000c4fe  __mspabi_srai_11              
0000c500  __mspabi_srai_10              
0000c502  __mspabi_srai_9               
0000c504  __mspabi_srai_8               
0000c506  __mspabi_srai_7               
0000c508  __mspabi_srai_6               
0000c50a  __mspabi_srai_5               
0000c50c  __mspabi_srai_4               
0000c50e  __mspabi_srai_3               
0000c510  __mspabi_srai_2               
0000c512  __mspabi_srai_1               
0000c516  __mspabi_divi                 
0000c516  __mspabi_remi                 
0000c542  __mspabi_slli                 
0000c54e  __mspabi_slli_15              
0000c550  __mspabi_slli_14              
0000c552  __mspabi_slli_13              
0000c554  __mspabi_slli_12              
0000c556  __mspabi_slli_11              
0000c558  __mspabi_slli_10              
0000c55a  __mspabi_slli_9               
0000c55c  __mspabi_slli_8               
0000c55e  __mspabi_slli_7               
0000c560  __mspabi_slli_6               
0000c562  __mspabi_slli_5               
0000c564  __mspabi_slli_4               
0000c566  __mspabi_slli_3               
0000c568  __mspabi_slli_2               
0000c56a  __mspabi_slli_1               
0000c56e  config_octo                   
0000c598  action_action_1               
0000c5be  compt_front                   
0000c5e4  avancer                       
0000c608  reculer                       
0000c62c  Aff_4carac                    
0000c64e  _c_int00_noargs               
0000c66a  pivoter_droite                
0000c686  Send_char_SPI                 
0000c69e  config_timer0                 
0000c6b6  ADC_Demarrer_conversion       
0000c6cc  ADC_init                      
0000c6e2  percent_control               
0000c6f8  __mspabi_divu                 
0000c6f8  __mspabi_remu                 
0000c70e  __mspabi_mpyi                 
0000c70e  __mspabi_mpyi_sw              
0000c722  Aff_Luminosite                
0000c734  Aff_Points                    
0000c746  action_action_5               
0000c758  __TI_decompress_none          
0000c76a  memcpy                        
0000c77c  ADC_Lire_resultat             
0000c78c  Aff_Efface                    
0000c79c  __mspabi_func_epilog_7        
0000c79e  __mspabi_func_epilog_6        
0000c7a0  __mspabi_func_epilog_5        
0000c7a2  __mspabi_func_epilog_4        
0000c7a4  __mspabi_func_epilog_3        
0000c7a6  __mspabi_func_epilog_2        
0000c7a8  __mspabi_func_epilog_1        
0000c7ac  stop_danse                    
0000c7ba  action_action_4               
0000c7c4  robot_arret                   
0000c7ce  __TI_ISR_TRAP                 
0000c7d6  C$$EXIT                       
0000c7d6  abort                         
0000c7dc  _system_pre_init              
0000c7e0  _system_post_cinit            
0000c81e  __TI_Handler_Table_Base       
0000c822  __TI_CINIT_Base               
0000c822  __TI_Handler_Table_Limit      
0000c826  __TI_CINIT_Limit              
0000c826  __TI_CINIT_Warm               
0000ffe0  __TI_int00                    
0000ffe4  __TI_int02                    
0000ffe6  __TI_int03                    
0000ffea  __TI_int05                    
0000ffec  __TI_int06                    
0000ffee  __TI_int07                    
0000fff0  __TI_int08                    
0000fff2  __TI_int09                    
0000fff4  __TI_int10                    
0000fff6  __TI_int11                    
0000fff8  __TI_int12                    
0000fffa  __TI_int13                    
0000fffc  __TI_int14                    
0000fffe  _reset_vector                 
ffffffff  __TI_pprof_out_hndl           
ffffffff  __TI_prof_data_size           
ffffffff  __TI_prof_data_start          
ffffffff  __c_args__                    

[237 symbols]
